ASxxxx Linker V03.00 + NoICE + sdld,  page 1.
Hexadecimal  [32-Bits]

Area                                    Addr        Size        Decimal Bytes (Attributes)
--------------------------------        ----        ----        ------- ----- ------------
CABS                                00000000    00000000 =           0. bytes (ABS,CON,CODE)

      Value  Global                              Global Defined In Module
      -----  --------------------------------   ------------------------
C:   00000000  l_BIT_BANK                      
C:   00000000  l_CABS                          
C:   00000000  l_GSINIT1                       
C:   00000000  l_GSINIT5                       
C:   00000000  l_IABS                          
C:   00000000  l_ISEG                          
C:   00000000  l_OSEG                          
C:   00000000  l_PSEG                          
C:   00000000  l_REG_BANK_1                    
C:   00000000  l_REG_BANK_2                    
C:   00000000  l_REG_BANK_3                    
C:   00000000  l_RSEG                          
C:   00000000  l_RSEG0                         
C:   00000000  l_RSEG1                         
C:   00000000  l_XABS                          
C:   00000000  l_XINIT                         
C:   00000000  l_XISEG                         
C:   00000000  l_XSEG                          
C:   00000000  l__CODE                         
C:   00000000  s_BSEG                          
C:   00000000  s_CABS                          
C:   00000000  s_DSEG                          
C:   00000000  s_HOME                          
C:   00000000  s_IABS                          
C:   00000000  s_ISEG                          
C:   00000000  s_REG_BANK_0                    
C:   00000000  s_RSEG                          
C:   00000000  s_RSEG0                         
C:   00000000  s_RSEG1                         
C:   00000000  s_XABS                          
C:   00000001  s_PSEG                          
C:   00000001  s_XISEG                         
C:   00000001  s_XSEG                          
C:   00000002  l_BSEG_BYTES                    
C:   00000002  l_GSINIT                        
C:   00000003  l_GSFINAL                       
C:   00000003  l_GSINIT0                       
C:   00000008  l_REG_BANK_0                    
C:   00000008  s_REG_BANK_1                    
C:   0000000A  l_GSINIT2                       
C:   0000000F  l_BSEG                          
C:   00000010  s_REG_BANK_2                    
C:   00000018  s_BIT_BANK                      
C:   00000018  s_OSEG                          
C:   00000018  s_REG_BANK_3                    
C:   00000020  s_BSEG_BYTES                    
C:   00000020  s__CODE                         
C:   00000022  l_GSINIT3                       
C:   00000022  s_SSEG                          
C:   00000029  l_HOME                          
ASxxxx Linker V03.00 + NoICE + sdld,  page 2.
Hexadecimal  [32-Bits]

Area                                    Addr        Size        Decimal Bytes (Attributes)
--------------------------------        ----        ----        ------- ----- ------------
CABS                                00000000    00000000 =           0. bytes (ABS,CON,CODE)

      Value  Global                              Global Defined In Module
      -----  --------------------------------   ------------------------
C:   00000029  s_GSINIT0                       
C:   0000002A  l_GSINIT4                       
C:   0000002C  s_GSINIT1                       
C:   0000002C  s_GSINIT2                       
C:   00000036  s_GSINIT3                       
C:   00000058  s_GSINIT4                       
C:   0000006F  l_DSEG                          
C:   00000082  s_GSINIT                        
C:   00000082  s_GSINIT5                       
C:   00000084  s_GSFINAL                       
C:   00000087  s_CSEG                          
C:   000000DE  l_SSEG                          
C:   00000100  l_IRAM                          
C:   00000410  l_CONST                         
C:   00000802  l_CSEG                          
C:   00000889  s_CONST                         
C:   00000C99  s_XINIT                         

ASxxxx Linker V03.00 + NoICE + sdld,  page 3.
Hexadecimal  [32-Bits]

Area                                    Addr        Size        Decimal Bytes (Attributes)
--------------------------------        ----        ----        ------- ----- ------------
.  .ABS.                            00000000    00000000 =           0. bytes (ABS,CON)

      Value  Global                              Global Defined In Module
      -----  --------------------------------   ------------------------
     00000000  .__.ABS.                           _startup
     00000080  G$P0$0$0                           main
     00000080  G$P0_0$0$0                         main
     00000080  _P0                                main
     00000080  _P0_0                              main
     00000081  G$P0_1$0$0                         main
     00000081  G$SP$0$0                           main
     00000081  _P0_1                              main
     00000081  _SP                                main
     00000082  G$DPL$0$0                          main
     00000082  G$P0_2$0$0                         main
     00000082  _DPL                               main
     00000082  _P0_2                              main
     00000083  G$DPH$0$0                          main
     00000083  G$P0_3$0$0                         main
     00000083  _DPH                               main
     00000083  _P0_3                              main
     00000084  G$P0_4$0$0                         main
     00000084  G$SFRPAGE$0$0                      main
     00000084  _P0_4                              main
     00000084  _SFRPAGE                           main
     00000085  G$P0_5$0$0                         main
     00000085  G$SFRNEXT$0$0                      main
     00000085  _P0_5                              main
     00000085  _SFRNEXT                           main
     00000086  G$P0_6$0$0                         main
     00000086  G$SFRLAST$0$0                      main
     00000086  _P0_6                              main
     00000086  _SFRLAST                           main
     00000087  G$P0_7$0$0                         main
     00000087  G$PCON$0$0                         main
     00000087  _P0_7                              main
     00000087  _PCON                              main
     00000088  G$CP0HYN0$0$0                      main
     00000088  G$CP1HYN0$0$0                      main
     00000088  G$CP2HYN0$0$0                      main
     00000088  G$CPT0CN$0$0                       main
     00000088  G$CPT1CN$0$0                       main
     00000088  G$CPT2CN$0$0                       main
     00000088  G$IT0$0$0                          main
     00000088  G$TCON$0$0                         main
     00000088  _CP0HYN0                           main
     00000088  _CP1HYN0                           main
     00000088  _CP2HYN0                           main
     00000088  _CPT0CN                            main
     00000088  _CPT1CN                            main
     00000088  _CPT2CN                            main
     00000088  _IT0                               main
     00000088  _TCON                              main
     00000089  G$CP0HYN1$0$0                      main
ASxxxx Linker V03.00 + NoICE + sdld,  page 4.
Hexadecimal  [32-Bits]

Area                                    Addr        Size        Decimal Bytes (Attributes)
--------------------------------        ----        ----        ------- ----- ------------
.  .ABS.                            00000000    00000000 =           0. bytes (ABS,CON)

      Value  Global                              Global Defined In Module
      -----  --------------------------------   ------------------------
     00000089  G$CP1HYN1$0$0                      main
     00000089  G$CP2HYN1$0$0                      main
     00000089  G$CPT0MD$0$0                       main
     00000089  G$CPT1MD$0$0                       main
     00000089  G$CPT2MD$0$0                       main
     00000089  G$IE0$0$0                          main
     00000089  G$TMOD$0$0                         main
     00000089  _CP0HYN1                           main
     00000089  _CP1HYN1                           main
     00000089  _CP2HYN1                           main
     00000089  _CPT0MD                            main
     00000089  _CPT1MD                            main
     00000089  _CPT2MD                            main
     00000089  _IE0                               main
     00000089  _TMOD                              main
     0000008A  G$CP0HYP0$0$0                      main
     0000008A  G$CP1HYP0$0$0                      main
     0000008A  G$CP2HYP0$0$0                      main
     0000008A  G$IT1$0$0                          main
     0000008A  G$OSCICN$0$0                       main
     0000008A  G$TL0$0$0                          main
     0000008A  _CP0HYP0                           main
     0000008A  _CP1HYP0                           main
     0000008A  _CP2HYP0                           main
     0000008A  _IT1                               main
     0000008A  _OSCICN                            main
     0000008A  _TL0                               main
     0000008B  G$CP0HYP1$0$0                      main
     0000008B  G$CP1HYP1$0$0                      main
     0000008B  G$CP2HYP1$0$0                      main
     0000008B  G$IE1$0$0                          main
     0000008B  G$OSCICL$0$0                       main
     0000008B  G$TL1$0$0                          main
     0000008B  _CP0HYP1                           main
     0000008B  _CP1HYP1                           main
     0000008B  _CP2HYP1                           main
     0000008B  _IE1                               main
     0000008B  _OSCICL                            main
     0000008B  _TL1                               main
     0000008C  G$CP0FIF$0$0                       main
     0000008C  G$CP1FIF$0$0                       main
     0000008C  G$CP2FIF$0$0                       main
     0000008C  G$OSCXCN$0$0                       main
     0000008C  G$TH0$0$0                          main
     0000008C  G$TR0$0$0                          main
     0000008C  _CP0FIF                            main
     0000008C  _CP1FIF                            main
     0000008C  _CP2FIF                            main
     0000008C  _OSCXCN                            main
     0000008C  _TH0                               main
     0000008C  _TR0                               main
ASxxxx Linker V03.00 + NoICE + sdld,  page 5.
Hexadecimal  [32-Bits]

Area                                    Addr        Size        Decimal Bytes (Attributes)
--------------------------------        ----        ----        ------- ----- ------------
.  .ABS.                            00000000    00000000 =           0. bytes (ABS,CON)

      Value  Global                              Global Defined In Module
      -----  --------------------------------   ------------------------
     0000008D  G$CP0RIF$0$0                       main
     0000008D  G$CP1RIF$0$0                       main
     0000008D  G$CP2RIF$0$0                       main
     0000008D  G$TF0$0$0                          main
     0000008D  G$TH1$0$0                          main
     0000008D  _CP0RIF                            main
     0000008D  _CP1RIF                            main
     0000008D  _CP2RIF                            main
     0000008D  _TF0                               main
     0000008D  _TH1                               main
     0000008E  G$CKCON$0$0                        main
     0000008E  G$CP0OUT$0$0                       main
     0000008E  G$CP1OUT$0$0                       main
     0000008E  G$CP2OUT$0$0                       main
     0000008E  G$TR1$0$0                          main
     0000008E  _CKCON                             main
     0000008E  _CP0OUT                            main
     0000008E  _CP1OUT                            main
     0000008E  _CP2OUT                            main
     0000008E  _TR1                               main
     0000008F  G$CP0EN$0$0                        main
     0000008F  G$CP1EN$0$0                        main
     0000008F  G$CP2EN$0$0                        main
     0000008F  G$PSCTL$0$0                        main
     0000008F  G$TF1$0$0                          main
     0000008F  _CP0EN                             main
     0000008F  _CP1EN                             main
     0000008F  _CP2EN                             main
     0000008F  _PSCTL                             main
     0000008F  _TF1                               main
     00000090  G$P1$0$0                           main
     00000090  G$P1_0$0$0                         main
     00000090  _P1                                main
     00000090  _P1_0                              main
     00000091  G$P1_1$0$0                         main
     00000091  G$SSTA0$0$0                        main
     00000091  _P1_1                              main
     00000091  _SSTA0                             main
     00000092  G$P1_2$0$0                         main
     00000092  _P1_2                              main
     00000093  G$P1_3$0$0                         main
     00000093  _P1_3                              main
     00000094  G$P1_4$0$0                         main
     00000094  _P1_4                              main
     00000095  G$P1_5$0$0                         main
     00000095  _P1_5                              main
     00000096  G$P1_6$0$0                         main
     00000096  G$SFRPGCN$0$0                      main
     00000096  _P1_6                              main
     00000096  _SFRPGCN                           main
     00000097  G$CLKSEL$0$0                       main
ASxxxx Linker V03.00 + NoICE + sdld,  page 6.
Hexadecimal  [32-Bits]

Area                                    Addr        Size        Decimal Bytes (Attributes)
--------------------------------        ----        ----        ------- ----- ------------
.  .ABS.                            00000000    00000000 =           0. bytes (ABS,CON)

      Value  Global                              Global Defined In Module
      -----  --------------------------------   ------------------------
     00000097  G$P1_7$0$0                         main
     00000097  _CLKSEL                            main
     00000097  _P1_7                              main
     00000098  G$RI0$0$0                          main
     00000098  G$RI1$0$0                          main
     00000098  G$SCON0$0$0                        main
     00000098  G$SCON1$0$0                        main
     00000098  _RI0                               main
     00000098  _RI1                               main
     00000098  _SCON0                             main
     00000098  _SCON1                             main
     00000099  G$SBUF0$0$0                        main
     00000099  G$SBUF1$0$0                        main
     00000099  G$TI0$0$0                          main
     00000099  G$TI1$0$0                          main
     00000099  _SBUF0                             main
     00000099  _SBUF1                             main
     00000099  _TI0                               main
     00000099  _TI1                               main
     0000009A  G$RB80$0$0                         main
     0000009A  G$RB81$0$0                         main
     0000009A  G$SPI0CFG$0$0                      main
     0000009A  _RB80                              main
     0000009A  _RB81                              main
     0000009A  _SPI0CFG                           main
     0000009B  G$SPI0DAT$0$0                      main
     0000009B  G$TB80$0$0                         main
     0000009B  G$TB81$0$0                         main
     0000009B  _SPI0DAT                           main
     0000009B  _TB80                              main
     0000009B  _TB81                              main
     0000009C  G$P4MDOUT$0$0                      main
     0000009C  G$REN0$0$0                         main
     0000009C  G$REN1$0$0                         main
     0000009C  _P4MDOUT                           main
     0000009C  _REN0                              main
     0000009C  _REN1                              main
     0000009D  G$MCE1$0$0                         main
     0000009D  G$P5MDOUT$0$0                      main
     0000009D  G$SM20$0$0                         main
     0000009D  G$SPI0CKR$0$0                      main
     0000009D  _MCE1                              main
     0000009D  _P5MDOUT                           main
     0000009D  _SM20                              main
     0000009D  _SPI0CKR                           main
     0000009E  G$P6MDOUT$0$0                      main
     0000009E  G$SM10$0$0                         main
     0000009E  _P6MDOUT                           main
     0000009E  _SM10                              main
     0000009F  G$P7MDOUT$0$0                      main
     0000009F  G$S1MODE$0$0                       main
ASxxxx Linker V03.00 + NoICE + sdld,  page 7.
Hexadecimal  [32-Bits]

Area                                    Addr        Size        Decimal Bytes (Attributes)
--------------------------------        ----        ----        ------- ----- ------------
.  .ABS.                            00000000    00000000 =           0. bytes (ABS,CON)

      Value  Global                              Global Defined In Module
      -----  --------------------------------   ------------------------
     0000009F  G$SM00$0$0                         main
     0000009F  _P7MDOUT                           main
     0000009F  _S1MODE                            main
     0000009F  _SM00                              main
     000000A0  G$P2$0$0                           main
     000000A0  G$P2_0$0$0                         main
     000000A0  _P2                                main
     000000A0  _P2_0                              main
     000000A1  G$EMI0TC$0$0                       main
     000000A1  G$P2_1$0$0                         main
     000000A1  _EMI0TC                            main
     000000A1  _P2_1                              main
     000000A2  G$EMI0CN$0$0                       main
     000000A2  G$P2_2$0$0                         main
     000000A2  G$_XPAGE$0$0                       main
     000000A2  _EMI0CN                            main
     000000A2  _P2_2                              main
     000000A2  __XPAGE                            main
     000000A3  G$EMI0CF$0$0                       main
     000000A3  G$P2_3$0$0                         main
     000000A3  _EMI0CF                            main
     000000A3  _P2_3                              main
     000000A4  G$P0MDOUT$0$0                      main
     000000A4  G$P2_4$0$0                         main
     000000A4  _P0MDOUT                           main
     000000A4  _P2_4                              main
     000000A5  G$P1MDOUT$0$0                      main
     000000A5  G$P2_5$0$0                         main
     000000A5  _P1MDOUT                           main
     000000A5  _P2_5                              main
     000000A6  G$P2MDOUT$0$0                      main
     000000A6  G$P2_6$0$0                         main
     000000A6  _P2MDOUT                           main
     000000A6  _P2_6                              main
     000000A7  G$P2_7$0$0                         main
     000000A7  G$P3MDOUT$0$0                      main
     000000A7  _P2_7                              main
     000000A7  _P3MDOUT                           main
     000000A8  G$EX0$0$0                          main
     000000A8  G$IE$0$0                           main
     000000A8  _EX0                               main
     000000A8  _IE                                main
     000000A9  G$ET0$0$0                          main
     000000A9  G$SADDR0$0$0                       main
     000000A9  G$SADDR1$0$0                       main
     000000A9  _ET0                               main
     000000A9  _SADDR0                            main
     000000A9  _SADDR1                            main
     000000AA  G$EX1$0$0                          main
     000000AA  _EX1                               main
     000000AB  G$ET1$0$0                          main
ASxxxx Linker V03.00 + NoICE + sdld,  page 8.
Hexadecimal  [32-Bits]

Area                                    Addr        Size        Decimal Bytes (Attributes)
--------------------------------        ----        ----        ------- ----- ------------
.  .ABS.                            00000000    00000000 =           0. bytes (ABS,CON)

      Value  Global                              Global Defined In Module
      -----  --------------------------------   ------------------------
     000000AB  _ET1                               main
     000000AC  G$ES0$0$0                          main
     000000AC  _ES0                               main
     000000AD  G$ET2$0$0                          main
     000000AD  G$P1MDIN$0$0                       main
     000000AD  _ET2                               main
     000000AD  _P1MDIN                            main
     000000AE  G$P2MDIN$0$0                       main
     000000AE  _P2MDIN                            main
     000000AF  G$EA$0$0                           main
     000000AF  G$P3MDIN$0$0                       main
     000000AF  _EA                                main
     000000AF  _P3MDIN                            main
     000000B0  G$P3$0$0                           main
     000000B0  G$P3_0$0$0                         main
     000000B0  _P3                                main
     000000B0  _P3_0                              main
     000000B1  G$P3_1$0$0                         main
     000000B1  _P3_1                              main
     000000B2  G$P3_2$0$0                         main
     000000B2  _P3_2                              main
     000000B3  G$P3_3$0$0                         main
     000000B3  _P3_3                              main
     000000B4  G$P3_4$0$0                         main
     000000B4  _P3_4                              main
     000000B5  G$P3_5$0$0                         main
     000000B5  _P3_5                              main
     000000B6  G$P3_6$0$0                         main
     000000B6  _P3_6                              main
     000000B7  G$FLACL$0$0                        main
     000000B7  G$FLSCL$0$0                        main
     000000B7  G$P3_7$0$0                         main
     000000B7  _FLACL                             main
     000000B7  _FLSCL                             main
     000000B7  _P3_7                              main
     000000B8  G$IP$0$0                           main
     000000B8  G$PX0$0$0                          main
     000000B8  _IP                                main
     000000B8  _PX0                               main
     000000B9  G$PT0$0$0                          main
     000000B9  G$SADEN0$0$0                       main
     000000B9  _PT0                               main
     000000B9  _SADEN0                            main
     000000BA  G$AMX0CF$0$0                       main
     000000BA  G$AMX2CF$0$0                       main
     000000BA  G$PX1$0$0                          main
     000000BA  _AMX0CF                            main
     000000BA  _AMX2CF                            main
     000000BA  _PX1                               main
     000000BB  G$AMX0SL$0$0                       main
     000000BB  G$AMX2SL$0$0                       main
ASxxxx Linker V03.00 + NoICE + sdld,  page 9.
Hexadecimal  [32-Bits]

Area                                    Addr        Size        Decimal Bytes (Attributes)
--------------------------------        ----        ----        ------- ----- ------------
.  .ABS.                            00000000    00000000 =           0. bytes (ABS,CON)

      Value  Global                              Global Defined In Module
      -----  --------------------------------   ------------------------
     000000BB  G$PT1$0$0                          main
     000000BB  _AMX0SL                            main
     000000BB  _AMX2SL                            main
     000000BB  _PT1                               main
     000000BC  G$ADC0CF$0$0                       main
     000000BC  G$ADC2CF$0$0                       main
     000000BC  G$PS0$0$0                          main
     000000BC  _ADC0CF                            main
     000000BC  _ADC2CF                            main
     000000BC  _PS0                               main
     000000BD  G$AMX0PRT$0$0                      main
     000000BD  G$PT2$0$0                          main
     000000BD  _AMX0PRT                           main
     000000BD  _PT2                               main
     000000BE  G$ADC0L$0$0                        main
     000000BE  G$ADC2$0$0                         main
     000000BE  _ADC0L                             main
     000000BE  _ADC2                              main
     000000BF  G$ADC0H$0$0                        main
     000000BF  _ADC0H                             main
     000000C0  G$CAN0STA$0$0                      main
     000000C0  G$LEC0$0$0                         main
     000000C0  G$SMB0CN$0$0                       main
     000000C0  G$SMBTOE$0$0                       main
     000000C0  _CAN0STA                           main
     000000C0  _LEC0                              main
     000000C0  _SMB0CN                            main
     000000C0  _SMBTOE                            main
     000000C1  G$LEC1$0$0                         main
     000000C1  G$SMB0STA$0$0                      main
     000000C1  G$SMBFTE$0$0                       main
     000000C1  _LEC1                              main
     000000C1  _SMB0STA                           main
     000000C1  _SMBFTE                            main
     000000C2  G$AA$0$0                           main
     000000C2  G$LEC2$0$0                         main
     000000C2  G$SMB0DAT$0$0                      main
     000000C2  _AA                                main
     000000C2  _LEC2                              main
     000000C2  _SMB0DAT                           main
     000000C3  G$SI$0$0                           main
     000000C3  G$SMB0ADR$0$0                      main
     000000C3  G$TXOK$0$0                         main
     000000C3  _SI                                main
     000000C3  _SMB0ADR                           main
     000000C3  _TXOK                              main
     000000C4  G$ADC0GTL$0$0                      main
     000000C4  G$ADC2GT$0$0                       main
     000000C4  G$RXOK$0$0                         main
     000000C4  G$STO$0$0                          main
     000000C4  _ADC0GTL                           main
ASxxxx Linker V03.00 + NoICE + sdld,  page 10.
Hexadecimal  [32-Bits]

Area                                    Addr        Size        Decimal Bytes (Attributes)
--------------------------------        ----        ----        ------- ----- ------------
.  .ABS.                            00000000    00000000 =           0. bytes (ABS,CON)

      Value  Global                              Global Defined In Module
      -----  --------------------------------   ------------------------
     000000C4  _ADC2GT                            main
     000000C4  _RXOK                              main
     000000C4  _STO                               main
     000000C5  G$ADC0GTH$0$0                      main
     000000C5  G$EPASS$0$0                        main
     000000C5  G$STA$0$0                          main
     000000C5  _ADC0GTH                           main
     000000C5  _EPASS                             main
     000000C5  _STA                               main
     000000C6  G$ADC0LTL$0$0                      main
     000000C6  G$ADC2LT$0$0                       main
     000000C6  G$ENSMB$0$0                        main
     000000C6  G$EWARN$0$0                        main
     000000C6  _ADC0LTL                           main
     000000C6  _ADC2LT                            main
     000000C6  _ENSMB                             main
     000000C6  _EWARN                             main
     000000C7  G$ADC0LTH$0$0                      main
     000000C7  G$BOFF$0$0                         main
     000000C7  G$BUSY$0$0                         main
     000000C7  _ADC0LTH                           main
     000000C7  _BOFF                              main
     000000C7  _BUSY                              main
     000000C8  G$CPRL2$0$0                        main
     000000C8  G$CPRL3$0$0                        main
     000000C8  G$CPRL4$0$0                        main
     000000C8  G$P4$0$0                           main
     000000C8  G$P4_0$0$0                         main
     000000C8  G$TMR2CN$0$0                       main
     000000C8  G$TMR3CN$0$0                       main
     000000C8  G$TMR4CN$0$0                       main
     000000C8  _CPRL2                             main
     000000C8  _CPRL3                             main
     000000C8  _CPRL4                             main
     000000C8  _P4                                main
     000000C8  _P4_0                              main
     000000C8  _TMR2CN                            main
     000000C8  _TMR3CN                            main
     000000C8  _TMR4CN                            main
     000000C9  G$CT2$0$0                          main
     000000C9  G$CT3$0$0                          main
     000000C9  G$CT4$0$0                          main
     000000C9  G$P4_1$0$0                         main
     000000C9  G$TMR2CF$0$0                       main
     000000C9  G$TMR3CF$0$0                       main
     000000C9  G$TMR4CF$0$0                       main
     000000C9  _CT2                               main
     000000C9  _CT3                               main
     000000C9  _CT4                               main
     000000C9  _P4_1                              main
     000000C9  _TMR2CF                            main
ASxxxx Linker V03.00 + NoICE + sdld,  page 11.
Hexadecimal  [32-Bits]

Area                                    Addr        Size        Decimal Bytes (Attributes)
--------------------------------        ----        ----        ------- ----- ------------
.  .ABS.                            00000000    00000000 =           0. bytes (ABS,CON)

      Value  Global                              Global Defined In Module
      -----  --------------------------------   ------------------------
     000000C9  _TMR3CF                            main
     000000C9  _TMR4CF                            main
     000000CA  G$P4_2$0$0                         main
     000000CA  G$RCAP2L$0$0                       main
     000000CA  G$RCAP3L$0$0                       main
     000000CA  G$RCAP4L$0$0                       main
     000000CA  G$TR2$0$0                          main
     000000CA  G$TR3$0$0                          main
     000000CA  G$TR4$0$0                          main
     000000CA  _P4_2                              main
     000000CA  _RCAP2L                            main
     000000CA  _RCAP3L                            main
     000000CA  _RCAP4L                            main
     000000CA  _TR2                               main
     000000CA  _TR3                               main
     000000CA  _TR4                               main
     000000CB  G$EXEN2$0$0                        main
     000000CB  G$EXEN3$0$0                        main
     000000CB  G$EXEN4$0$0                        main
     000000CB  G$P4_3$0$0                         main
     000000CB  G$RCAP2H$0$0                       main
     000000CB  G$RCAP3H$0$0                       main
     000000CB  G$RCAP4H$0$0                       main
     000000CB  _EXEN2                             main
     000000CB  _EXEN3                             main
     000000CB  _EXEN4                             main
     000000CB  _P4_3                              main
     000000CB  _RCAP2H                            main
     000000CB  _RCAP3H                            main
     000000CB  _RCAP4H                            main
     000000CC  G$P4_4$0$0                         main
     000000CC  G$TMR2L$0$0                        main
     000000CC  G$TMR3L$0$0                        main
     000000CC  G$TMR4L$0$0                        main
     000000CC  _P4_4                              main
     000000CC  _TMR2L                             main
     000000CC  _TMR3L                             main
     000000CC  _TMR4L                             main
     000000CD  G$P4_5$0$0                         main
     000000CD  G$TMR2H$0$0                        main
     000000CD  G$TMR3H$0$0                        main
     000000CD  G$TMR4H$0$0                        main
     000000CD  _P4_5                              main
     000000CD  _TMR2H                             main
     000000CD  _TMR3H                             main
     000000CD  _TMR4H                             main
     000000CE  G$EXF2$0$0                         main
     000000CE  G$EXF3$0$0                         main
     000000CE  G$EXF4$0$0                         main
     000000CE  G$P4_6$0$0                         main
     000000CE  _EXF2                              main
ASxxxx Linker V03.00 + NoICE + sdld,  page 12.
Hexadecimal  [32-Bits]

Area                                    Addr        Size        Decimal Bytes (Attributes)
--------------------------------        ----        ----        ------- ----- ------------
.  .ABS.                            00000000    00000000 =           0. bytes (ABS,CON)

      Value  Global                              Global Defined In Module
      -----  --------------------------------   ------------------------
     000000CE  _EXF3                              main
     000000CE  _EXF4                              main
     000000CE  _P4_6                              main
     000000CF  G$P4_7$0$0                         main
     000000CF  G$SMB0CR$0$0                       main
     000000CF  G$TF2$0$0                          main
     000000CF  G$TF3$0$0                          main
     000000CF  G$TF4$0$0                          main
     000000CF  _P4_7                              main
     000000CF  _SMB0CR                            main
     000000CF  _TF2                               main
     000000CF  _TF3                               main
     000000CF  _TF4                               main
     000000D0  G$P$0$0                            main
     000000D0  G$PSW$0$0                          main
     000000D0  _P                                 main
     000000D0  _PSW                               main
     000000D1  G$F1$0$0                           main
     000000D1  G$REF0CN$0$0                       main
     000000D1  _F1                                main
     000000D1  _REF0CN                            main
     000000D2  G$DAC0L$0$0                        main
     000000D2  G$DAC1L$0$0                        main
     000000D2  G$OV$0$0                           main
     000000D2  _DAC0L                             main
     000000D2  _DAC1L                             main
     000000D2  _OV                                main
     000000D3  G$DAC0H$0$0                        main
     000000D3  G$DAC1H$0$0                        main
     000000D3  G$RS0$0$0                          main
     000000D3  _DAC0H                             main
     000000D3  _DAC1H                             main
     000000D3  _RS0                               main
     000000D4  G$DAC0CN$0$0                       main
     000000D4  G$DAC1CN$0$0                       main
     000000D4  G$RS1$0$0                          main
     000000D4  _DAC0CN                            main
     000000D4  _DAC1CN                            main
     000000D4  _RS1                               main
     000000D5  G$F0$0$0                           main
     000000D5  _F0                                main
     000000D6  G$AC$0$0                           main
     000000D6  G$HVA0CN$0$0                       main
     000000D6  _AC                                main
     000000D6  _HVA0CN                            main
     000000D7  G$CY$0$0                           main
     000000D7  _CY                                main
     000000D8  G$CAN0DATL$0$0                     main
     000000D8  G$CCF0$0$0                         main
     000000D8  G$P5$0$0                           main
     000000D8  G$P5_0$0$0                         main
ASxxxx Linker V03.00 + NoICE + sdld,  page 13.
Hexadecimal  [32-Bits]

Area                                    Addr        Size        Decimal Bytes (Attributes)
--------------------------------        ----        ----        ------- ----- ------------
.  .ABS.                            00000000    00000000 =           0. bytes (ABS,CON)

      Value  Global                              Global Defined In Module
      -----  --------------------------------   ------------------------
     000000D8  G$PCA0CN$0$0                       main
     000000D8  _CAN0DATL                          main
     000000D8  _CCF0                              main
     000000D8  _P5                                main
     000000D8  _P5_0                              main
     000000D8  _PCA0CN                            main
     000000D9  G$CAN0DATH$0$0                     main
     000000D9  G$CCF1$0$0                         main
     000000D9  G$P5_1$0$0                         main
     000000D9  G$PCA0MD$0$0                       main
     000000D9  _CAN0DATH                          main
     000000D9  _CCF1                              main
     000000D9  _P5_1                              main
     000000D9  _PCA0MD                            main
     000000DA  G$CAN0ADR$0$0                      main
     000000DA  G$CCF2$0$0                         main
     000000DA  G$P5_2$0$0                         main
     000000DA  G$PCA0CPM0$0$0                     main
     000000DA  _CAN0ADR                           main
     000000DA  _CCF2                              main
     000000DA  _P5_2                              main
     000000DA  _PCA0CPM0                          main
     000000DB  G$CAN0TST$0$0                      main
     000000DB  G$CCF3$0$0                         main
     000000DB  G$P5_3$0$0                         main
     000000DB  G$PCA0CPM1$0$0                     main
     000000DB  _CAN0TST                           main
     000000DB  _CCF3                              main
     000000DB  _P5_3                              main
     000000DB  _PCA0CPM1                          main
     000000DC  G$CCF4$0$0                         main
     000000DC  G$P5_4$0$0                         main
     000000DC  G$PCA0CPM2$0$0                     main
     000000DC  _CCF4                              main
     000000DC  _P5_4                              main
     000000DC  _PCA0CPM2                          main
     000000DD  G$CCF5$0$0                         main
     000000DD  G$P5_5$0$0                         main
     000000DD  G$PCA0CPM3$0$0                     main
     000000DD  _CCF5                              main
     000000DD  _P5_5                              main
     000000DD  _PCA0CPM3                          main
     000000DE  G$CR$0$0                           main
     000000DE  G$P5_6$0$0                         main
     000000DE  G$PCA0CPM4$0$0                     main
     000000DE  _CR                                main
     000000DE  _P5_6                              main
     000000DE  _PCA0CPM4                          main
     000000DF  G$CF$0$0                           main
     000000DF  G$P5_7$0$0                         main
     000000DF  G$PCA0CPM5$0$0                     main
ASxxxx Linker V03.00 + NoICE + sdld,  page 14.
Hexadecimal  [32-Bits]

Area                                    Addr        Size        Decimal Bytes (Attributes)
--------------------------------        ----        ----        ------- ----- ------------
.  .ABS.                            00000000    00000000 =           0. bytes (ABS,CON)

      Value  Global                              Global Defined In Module
      -----  --------------------------------   ------------------------
     000000DF  _CF                                main
     000000DF  _P5_7                              main
     000000DF  _PCA0CPM5                          main
     000000E0  G$ACC$0$0                          main
     000000E0  _ACC                               main
     000000E1  G$PCA0CPL5$0$0                     main
     000000E1  G$XBR0$0$0                         main
     000000E1  _PCA0CPL5                          main
     000000E1  _XBR0                              main
     000000E2  G$PCA0CPH5$0$0                     main
     000000E2  G$XBR1$0$0                         main
     000000E2  _PCA0CPH5                          main
     000000E2  _XBR1                              main
     000000E3  G$XBR2$0$0                         main
     000000E3  _XBR2                              main
     000000E4  G$XBR3$0$0                         main
     000000E4  _XBR3                              main
     000000E6  G$EIE1$0$0                         main
     000000E6  _EIE1                              main
     000000E7  G$EIE2$0$0                         main
     000000E7  _EIE2                              main
     000000E8  G$AD0LJST$0$0                      main
     000000E8  G$AD2WINT$0$0                      main
     000000E8  G$ADC0CN$0$0                       main
     000000E8  G$ADC2CN$0$0                       main
     000000E8  G$P6$0$0                           main
     000000E8  G$P6_0$0$0                         main
     000000E8  _AD0LJST                           main
     000000E8  _AD2WINT                           main
     000000E8  _ADC0CN                            main
     000000E8  _ADC2CN                            main
     000000E8  _P6                                main
     000000E8  _P6_0                              main
     000000E9  G$AD0WINT$0$0                      main
     000000E9  G$AD2CM0$0$0                       main
     000000E9  G$P6_1$0$0                         main
     000000E9  G$PCA0CPL2$0$0                     main
     000000E9  _AD0WINT                           main
     000000E9  _AD2CM0                            main
     000000E9  _P6_1                              main
     000000E9  _PCA0CPL2                          main
     000000EA  G$AD0CM0$0$0                       main
     000000EA  G$AD2CM1$0$0                       main
     000000EA  G$P6_2$0$0                         main
     000000EA  G$PCA0CPH2$0$0                     main
     000000EA  _AD0CM0                            main
     000000EA  _AD2CM1                            main
     000000EA  _P6_2                              main
     000000EA  _PCA0CPH2                          main
     000000EB  G$AD0CM1$0$0                       main
     000000EB  G$AD2CM2$0$0                       main
ASxxxx Linker V03.00 + NoICE + sdld,  page 15.
Hexadecimal  [32-Bits]

Area                                    Addr        Size        Decimal Bytes (Attributes)
--------------------------------        ----        ----        ------- ----- ------------
.  .ABS.                            00000000    00000000 =           0. bytes (ABS,CON)

      Value  Global                              Global Defined In Module
      -----  --------------------------------   ------------------------
     000000EB  G$P6_3$0$0                         main
     000000EB  G$PCA0CPL3$0$0                     main
     000000EB  _AD0CM1                            main
     000000EB  _AD2CM2                            main
     000000EB  _P6_3                              main
     000000EB  _PCA0CPL3                          main
     000000EC  G$AD0BUSY$0$0                      main
     000000EC  G$AD2BUSY$0$0                      main
     000000EC  G$P6_4$0$0                         main
     000000EC  G$PCA0CPH3$0$0                     main
     000000EC  _AD0BUSY                           main
     000000EC  _AD2BUSY                           main
     000000EC  _P6_4                              main
     000000EC  _PCA0CPH3                          main
     000000ED  G$AD0INT$0$0                       main
     000000ED  G$AD2INT$0$0                       main
     000000ED  G$P6_5$0$0                         main
     000000ED  G$PCA0CPL4$0$0                     main
     000000ED  _AD0INT                            main
     000000ED  _AD2INT                            main
     000000ED  _P6_5                              main
     000000ED  _PCA0CPL4                          main
     000000EE  G$AD0TM$0$0                        main
     000000EE  G$AD2TM$0$0                        main
     000000EE  G$P6_6$0$0                         main
     000000EE  G$PCA0CPH4$0$0                     main
     000000EE  _AD0TM                             main
     000000EE  _AD2TM                             main
     000000EE  _P6_6                              main
     000000EE  _PCA0CPH4                          main
     000000EF  G$AD0EN$0$0                        main
     000000EF  G$AD2EN$0$0                        main
     000000EF  G$P6_7$0$0                         main
     000000EF  G$RSTSRC$0$0                       main
     000000EF  _AD0EN                             main
     000000EF  _AD2EN                             main
     000000EF  _P6_7                              main
     000000EF  _RSTSRC                            main
     000000F0  G$B$0$0                            main
     000000F0  _B                                 main
     000000F5  _B_5                               _gptrget
     000000F6  G$EIP1$0$0                         main
     000000F6  _B_6                               _gptrget
     000000F6  _EIP1                              main
     000000F7  G$EIP2$0$0                         main
     000000F7  _B_7                               _gptrget
     000000F7  _EIP2                              main
     000000F8  G$CAN0CN$0$0                       main
     000000F8  G$CANINIT$0$0                      main
     000000F8  G$P7$0$0                           main
     000000F8  G$P7_0$0$0                         main
ASxxxx Linker V03.00 + NoICE + sdld,  page 16.
Hexadecimal  [32-Bits]

Area                                    Addr        Size        Decimal Bytes (Attributes)
--------------------------------        ----        ----        ------- ----- ------------
.  .ABS.                            00000000    00000000 =           0. bytes (ABS,CON)

      Value  Global                              Global Defined In Module
      -----  --------------------------------   ------------------------
     000000F8  G$SPI0CN$0$0                       main
     000000F8  G$SPIEN$0$0                        main
     000000F8  _CAN0CN                            main
     000000F8  _CANINIT                           main
     000000F8  _P7                                main
     000000F8  _P7_0                              main
     000000F8  _SPI0CN                            main
     000000F8  _SPIEN                             main
     000000F9  G$CANIE$0$0                        main
     000000F9  G$P7_1$0$0                         main
     000000F9  G$PCA0L$0$0                        main
     000000F9  G$TXBMT$0$0                        main
     000000F9  _CANIE                             main
     000000F9  _P7_1                              main
     000000F9  _PCA0L                             main
     000000F9  _TXBMT                             main
     000000FA  G$CANSIE$0$0                       main
     000000FA  G$NSSMD0$0$0                       main
     000000FA  G$P7_2$0$0                         main
     000000FA  G$PCA0H$0$0                        main
     000000FA  _CANSIE                            main
     000000FA  _NSSMD0                            main
     000000FA  _P7_2                              main
     000000FA  _PCA0H                             main
     000000FB  G$CANEIE$0$0                       main
     000000FB  G$NSSMD1$0$0                       main
     000000FB  G$P7_3$0$0                         main
     000000FB  G$PCA0CPL0$0$0                     main
     000000FB  _CANEIE                            main
     000000FB  _NSSMD1                            main
     000000FB  _P7_3                              main
     000000FB  _PCA0CPL0                          main
     000000FC  G$CANIF$0$0                        main
     000000FC  G$P7_4$0$0                         main
     000000FC  G$PCA0CPH0$0$0                     main
     000000FC  G$RXOVRN$0$0                       main
     000000FC  _CANIF                             main
     000000FC  _P7_4                              main
     000000FC  _PCA0CPH0                          main
     000000FC  _RXOVRN                            main
     000000FD  G$CANDAR$0$0                       main
     000000FD  G$MODF$0$0                         main
     000000FD  G$P7_5$0$0                         main
     000000FD  G$PCA0CPL1$0$0                     main
     000000FD  _CANDAR                            main
     000000FD  _MODF                              main
     000000FD  _P7_5                              main
     000000FD  _PCA0CPL1                          main
     000000FE  G$CANCCE$0$0                       main
     000000FE  G$P7_6$0$0                         main
     000000FE  G$PCA0CPH1$0$0                     main
ASxxxx Linker V03.00 + NoICE + sdld,  page 17.
Hexadecimal  [32-Bits]

Area                                    Addr        Size        Decimal Bytes (Attributes)
--------------------------------        ----        ----        ------- ----- ------------
.  .ABS.                            00000000    00000000 =           0. bytes (ABS,CON)

      Value  Global                              Global Defined In Module
      -----  --------------------------------   ------------------------
     000000FE  G$WCOL$0$0                         main
     000000FE  _CANCCE                            main
     000000FE  _P7_6                              main
     000000FE  _PCA0CPH1                          main
     000000FE  _WCOL                              main
     000000FF  G$CANTEST$0$0                      main
     000000FF  G$P7_7$0$0                         main
     000000FF  G$SPIF$0$0                         main
     000000FF  G$WDTCN$0$0                        main
     000000FF  _CANTEST                           main
     000000FF  _P7_7                              main
     000000FF  _SPIF                              main
     000000FF  _WDTCN                             main
     00008382  G$DP$0$0                           main
     00008382  _DP                                main
     0000BFBE  G$ADC0$0$0                         main
     0000BFBE  _ADC0                              main
     0000C5C4  G$ADC0GT$0$0                       main
     0000C5C4  _ADC0GT                            main
     0000C7C6  G$ADC0LT$0$0                       main
     0000C7C6  _ADC0LT                            main
     0000CBCA  G$RCAP2$0$0                        main
     0000CBCA  G$RCAP3$0$0                        main
     0000CBCA  G$RCAP4$0$0                        main
     0000CBCA  _RCAP2                             main
     0000CBCA  _RCAP3                             main
     0000CBCA  _RCAP4                             main
     0000CDCC  G$TMR2$0$0                         main
     0000CDCC  G$TMR3$0$0                         main
     0000CDCC  G$TMR4$0$0                         main
     0000CDCC  _TMR2                              main
     0000CDCC  _TMR3                              main
     0000CDCC  _TMR4                              main
     0000D3D2  G$DAC0$0$0                         main
     0000D3D2  G$DAC1$0$0                         main
     0000D3D2  _DAC0                              main
     0000D3D2  _DAC1                              main
     0000D9D8  G$CAN0DAT$0$0                      main
     0000D9D8  _CAN0DAT                           main
     0000E2E1  G$PCA0CP5$0$0                      main
     0000E2E1  _PCA0CP5                           main
     0000EAE9  G$PCA0CP2$0$0                      main
     0000EAE9  _PCA0CP2                           main
     0000ECEB  G$PCA0CP3$0$0                      main
     0000ECEB  _PCA0CP3                           main
     0000EEED  G$PCA0CP4$0$0                      main
     0000EEED  _PCA0CP4                           main
     0000FAF9  G$PCA0$0$0                         main
     0000FAF9  _PCA0                              main
     0000FCFB  G$PCA0CP0$0$0                      main
     0000FCFB  _PCA0CP0                           main
ASxxxx Linker V03.00 + NoICE + sdld,  page 18.
Hexadecimal  [32-Bits]

Area                                    Addr        Size        Decimal Bytes (Attributes)
--------------------------------        ----        ----        ------- ----- ------------
.  .ABS.                            00000000    00000000 =           0. bytes (ABS,CON)

      Value  Global                              Global Defined In Module
      -----  --------------------------------   ------------------------
     0000FEFD  G$PCA0CP1$0$0                      main
     0000FEFD  _PCA0CP1                           main

ASxxxx Linker V03.00 + NoICE + sdld,  page 19.
Hexadecimal  [32-Bits]

Area                                    Addr        Size        Decimal Bytes (Attributes)
--------------------------------        ----        ----        ------- ----- ------------
BSEG_BYTES                          00000020    00000002 =           2. bytes (REL,CON)

      Value  Global                              Global Defined In Module
      -----  --------------------------------   ------------------------
ASxxxx Linker V03.00 + NoICE + sdld,  page 20.
Hexadecimal  [32-Bits]

Area                                    Addr        Size        Decimal Bytes (Attributes)
--------------------------------        ----        ----        ------- ----- ------------
REG_BANK_0                          00000000    00000008 =           8. bytes (REL,OVR)

      Value  Global                              Global Defined In Module
      -----  --------------------------------   ------------------------
ASxxxx Linker V03.00 + NoICE + sdld,  page 21.
Hexadecimal  [32-Bits]

Area                                    Addr        Size        Decimal Bytes (Attributes)
--------------------------------        ----        ----        ------- ----- ------------
DSEG                                00000000    0000006F =         111. bytes (REL,CON)

      Value  Global                              Global Defined In Module
      -----  --------------------------------   ------------------------
     0000000E  _bp                                _bp

ASxxxx Linker V03.00 + NoICE + sdld,  page 22.
Hexadecimal  [32-Bits]

Area                                    Addr        Size        Decimal Bytes (Attributes)
--------------------------------        ----        ----        ------- ----- ------------
SSEG                                00000022    000000DE =         222. bytes (REL,OVR)

      Value  Global                              Global Defined In Module
      -----  --------------------------------   ------------------------
     00000022  __start__stack                     main

ASxxxx Linker V03.00 + NoICE + sdld,  page 23.
Hexadecimal  [32-Bits]

Area                                    Addr        Size        Decimal Bytes (Attributes)
--------------------------------        ----        ----        ------- ----- ------------
HOME                                00000000    00000029 =          41. bytes (REL,CON,CODE)

      Value  Global                              Global Defined In Module
      -----  --------------------------------   ------------------------
C:   00000000  A$main$1286                        main
C:   00000003  A$main$1287                        main
C:   0000000B  A$main$1289                        main
C:   00000013  A$main$1291                        main
C:   0000001B  A$main$1293                        main
C:   00000023  A$main$1295                        main
C:   00000026  A$main$1320                        main
C:   00000026  __sdcc_program_startup             main

ASxxxx Linker V03.00 + NoICE + sdld,  page 24.
Hexadecimal  [32-Bits]

Area                                    Addr        Size        Decimal Bytes (Attributes)
--------------------------------        ----        ----        ------- ----- ------------
GSINIT0                             00000029    00000003 =           3. bytes (REL,CON,CODE)

      Value  Global                              Global Defined In Module
      -----  --------------------------------   ------------------------
C:   00000029  __sdcc_gsinit_startup              

ASxxxx Linker V03.00 + NoICE + sdld,  page 25.
Hexadecimal  [32-Bits]

Area                                    Addr        Size        Decimal Bytes (Attributes)
--------------------------------        ----        ----        ------- ----- ------------
GSINIT2                             0000002C    0000000A =          10. bytes (REL,CON,CODE)

      Value  Global                              Global Defined In Module
      -----  --------------------------------   ------------------------
ASxxxx Linker V03.00 + NoICE + sdld,  page 26.
Hexadecimal  [32-Bits]

Area                                    Addr        Size        Decimal Bytes (Attributes)
--------------------------------        ----        ----        ------- ----- ------------
GSINIT3                             00000036    00000022 =          34. bytes (REL,CON,CODE)

      Value  Global                              Global Defined In Module
      -----  --------------------------------   ------------------------
C:   00000036  __mcs51_genXINIT                   

ASxxxx Linker V03.00 + NoICE + sdld,  page 27.
Hexadecimal  [32-Bits]

Area                                    Addr        Size        Decimal Bytes (Attributes)
--------------------------------        ----        ----        ------- ----- ------------
GSINIT4                             00000058    0000002A =          42. bytes (REL,CON,CODE)

      Value  Global                              Global Defined In Module
      -----  --------------------------------   ------------------------
C:   00000058  __mcs51_genRAMCLEAR                
C:   0000005E  __mcs51_genXRAMCLEAR               

ASxxxx Linker V03.00 + NoICE + sdld,  page 28.
Hexadecimal  [32-Bits]

Area                                    Addr        Size        Decimal Bytes (Attributes)
--------------------------------        ----        ----        ------- ----- ------------
GSINIT                              00000082    00000002 =           2. bytes (REL,CON,CODE)

      Value  Global                              Global Defined In Module
      -----  --------------------------------   ------------------------
C:   00000082  A$main$1311                        main
C:   00000082  C$main.c$257$1$48                  main

ASxxxx Linker V03.00 + NoICE + sdld,  page 29.
Hexadecimal  [32-Bits]

Area                                    Addr        Size        Decimal Bytes (Attributes)
--------------------------------        ----        ----        ------- ----- ------------
GSFINAL                             00000084    00000003 =           3. bytes (REL,CON,CODE)

      Value  Global                              Global Defined In Module
      -----  --------------------------------   ------------------------
C:   00000084  A$main$1313                        main

ASxxxx Linker V03.00 + NoICE + sdld,  page 30.
Hexadecimal  [32-Bits]

Area                                    Addr        Size        Decimal Bytes (Attributes)
--------------------------------        ----        ----        ------- ----- ------------
CSEG                                00000087    00000802 =        2050. bytes (REL,CON,CODE)

      Value  Global                              Global Defined In Module
      -----  --------------------------------   ------------------------
C:   00000087  A$main$1346                        main
C:   00000087  C$config.c$10$0$0                  main
C:   00000087  C$config.c$12$1$1                  main
C:   00000087  G$Reset_Sources_Init$0$0           main
C:   00000087  _Reset_Sources_Init                main
C:   0000008A  A$main$1349                        main
C:   0000008A  C$config.c$13$1$1                  main
C:   0000008D  A$main$1352                        main
C:   0000008D  C$config.c$14$1$1                  main
C:   0000008D  XG$Reset_Sources_Init$0$0          main
C:   0000008E  A$main$1365                        main
C:   0000008E  C$config.c$16$1$1                  main
C:   0000008E  C$config.c$18$1$2                  main
C:   0000008E  G$Timer_Init$0$0                   main
C:   0000008E  _Timer_Init                        main
C:   00000091  A$main$1368                        main
C:   00000091  C$config.c$19$1$2                  main
C:   00000094  A$main$1371                        main
C:   00000094  C$config.c$20$1$2                  main
C:   00000097  A$main$1374                        main
C:   00000097  C$config.c$21$1$2                  main
C:   0000009A  A$main$1377                        main
C:   0000009A  C$config.c$22$1$2                  main
C:   0000009D  A$main$1380                        main
C:   0000009D  C$config.c$23$1$2                  main
C:   000000A0  A$main$1383                        main
C:   000000A0  C$config.c$24$1$2                  main
C:   000000A3  A$main$1386                        main
C:   000000A3  C$config.c$25$1$2                  main
C:   000000A6  A$main$1389                        main
C:   000000A6  C$config.c$26$1$2                  main
C:   000000A9  A$main$1392                        main
C:   000000A9  C$config.c$27$1$2                  main
C:   000000AC  A$main$1395                        main
C:   000000AC  C$config.c$28$1$2                  main
C:   000000AC  XG$Timer_Init$0$0                  main
C:   000000AD  A$main$1408                        main
C:   000000AD  C$config.c$30$1$2                  main
C:   000000AD  C$config.c$32$1$3                  main
C:   000000AD  G$UART_Init$0$0                    main
C:   000000AD  _UART_Init                         main
C:   000000B0  A$main$1411                        main
C:   000000B0  C$config.c$33$1$3                  main
C:   000000B3  A$main$1414                        main
C:   000000B3  C$config.c$34$1$3                  main
C:   000000B3  XG$UART_Init$0$0                   main
C:   000000B4  A$main$1427                        main
C:   000000B4  C$config.c$36$1$3                  main
C:   000000B4  C$config.c$38$1$4                  main
C:   000000B4  G$SMBus_Init$0$0                   main
ASxxxx Linker V03.00 + NoICE + sdld,  page 31.
Hexadecimal  [32-Bits]

Area                                    Addr        Size        Decimal Bytes (Attributes)
--------------------------------        ----        ----        ------- ----- ------------
CSEG                                00000087    00000802 =        2050. bytes (REL,CON,CODE)

      Value  Global                              Global Defined In Module
      -----  --------------------------------   ------------------------
C:   000000B4  _SMBus_Init                        main
C:   000000B7  A$main$1430                        main
C:   000000B7  C$config.c$39$1$4                  main
C:   000000BA  A$main$1433                        main
C:   000000BA  C$config.c$40$1$4                  main
C:   000000BD  A$main$1436                        main
C:   000000BD  C$config.c$41$1$4                  main
C:   000000BD  XG$SMBus_Init$0$0                  main
C:   000000BE  A$main$1449                        main
C:   000000BE  C$config.c$43$1$4                  main
C:   000000BE  C$config.c$45$1$5                  main
C:   000000BE  G$SPI_Init$0$0                     main
C:   000000BE  _SPI_Init                          main
C:   000000C1  A$main$1452                        main
C:   000000C1  C$config.c$46$1$5                  main
C:   000000C4  A$main$1455                        main
C:   000000C4  C$config.c$47$1$5                  main
C:   000000C7  A$main$1458                        main
C:   000000C7  C$config.c$48$1$5                  main
C:   000000CA  A$main$1461                        main
C:   000000CA  C$config.c$49$1$5                  main
C:   000000CA  XG$SPI_Init$0$0                    main
C:   000000CB  A$main$1474                        main
C:   000000CB  C$config.c$51$1$5                  main
C:   000000CB  C$config.c$89$1$6                  main
C:   000000CB  G$Port_IO_Init$0$0                 main
C:   000000CB  _Port_IO_Init                      main
C:   000000CE  A$main$1477                        main
C:   000000CE  C$config.c$90$1$6                  main
C:   000000D1  A$main$1480                        main
C:   000000D1  C$config.c$91$1$6                  main
C:   000000D4  A$main$1483                        main
C:   000000D4  C$config.c$92$1$6                  main
C:   000000D4  XG$Port_IO_Init$0$0                main
C:   000000D5  A$main$1498                        main
C:   000000D5  C$config.c$94$1$6                  main
C:   000000D5  C$config.c$97$1$7                  main
C:   000000D5  G$Oscillator_Init$0$0              main
C:   000000D5  _Oscillator_Init                   main
C:   000000D8  A$main$1501                        main
C:   000000D8  C$config.c$98$1$7                  main
C:   000000DB  A$main$1504                        main
C:   000000DB  C$config.c$99$1$7                  main
C:   000000DD  A$main$1505                        main
C:   000000DF  A$main$1507                        main
C:   000000E0  A$main$1508                        main
C:   000000E2  A$main$1509                        main
C:   000000E3  A$main$1510                        main
C:   000000E4  A$main$1511                        main
C:   000000E6  A$main$1512                        main
C:   000000E7  A$main$1513                        main
ASxxxx Linker V03.00 + NoICE + sdld,  page 32.
Hexadecimal  [32-Bits]

Area                                    Addr        Size        Decimal Bytes (Attributes)
--------------------------------        ----        ----        ------- ----- ------------
CSEG                                00000087    00000802 =        2050. bytes (REL,CON,CODE)

      Value  Global                              Global Defined In Module
      -----  --------------------------------   ------------------------
C:   000000E9  A$main$1514                        main
C:   000000EB  A$main$1515                        main
C:   000000EC  A$main$1516                        main
C:   000000ED  A$main$1517                        main
C:   000000EF  A$main$1521                        main
C:   000000EF  C$config.c$100$1$7                 main
C:   000000F1  A$main$1522                        main
C:   000000F4  A$main$1525                        main
C:   000000F4  C$config.c$101$1$7                 main
C:   000000F7  A$main$1528                        main
C:   000000F7  C$config.c$102$1$7                 main
C:   000000F7  XG$Oscillator_Init$0$0             main
C:   000000F8  A$main$1541                        main
C:   000000F8  C$config.c$104$1$7                 main
C:   000000F8  C$config.c$106$1$8                 main
C:   000000F8  G$Interrupts_Init$0$0              main
C:   000000F8  _Interrupts_Init                   main
C:   000000FB  A$main$1544                        main
C:   000000FB  C$config.c$107$1$8                 main
C:   000000FB  XG$Interrupts_Init$0$0             main
C:   000000FC  A$main$1557                        main
C:   000000FC  C$config.c$111$1$8                 main
C:   000000FC  C$config.c$113$1$10                main
C:   000000FC  G$Init_Device$0$0                  main
C:   000000FC  _Init_Device                       main
C:   000000FF  A$main$1560                        main
C:   000000FF  C$config.c$114$1$10                main
C:   00000102  A$main$1563                        main
C:   00000102  C$config.c$115$1$10                main
C:   00000105  A$main$1566                        main
C:   00000105  C$config.c$116$1$10                main
C:   00000108  A$main$1569                        main
C:   00000108  C$config.c$117$1$10                main
C:   0000010B  A$main$1572                        main
C:   0000010B  C$config.c$118$1$10                main
C:   0000010E  A$main$1575                        main
C:   0000010E  C$config.c$119$1$10                main
C:   00000111  A$main$1578                        main
C:   00000111  C$config.c$120$1$10                main
C:   00000114  A$main$1581                        main
C:   00000114  C$config.c$121$1$10                main
C:   00000114  XG$Init_Device$0$0                 main
C:   00000115  A$main$1594                        main
C:   00000115  C$main.c$27$1$10                   main
C:   00000115  G$delay_ms$0$0                     main
C:   00000115  _delay_ms                          main
C:   00000117  A$main$1595                        main
C:   00000119  A$main$1598                        main
C:   00000119  C$main.c$29$1$25                   main
C:   0000011C  A$main$1601                        main
C:   0000011C  C$main.c$30$1$25                   main
ASxxxx Linker V03.00 + NoICE + sdld,  page 33.
Hexadecimal  [32-Bits]

Area                                    Addr        Size        Decimal Bytes (Attributes)
--------------------------------        ----        ----        ------- ----- ------------
CSEG                                00000087    00000802 =        2050. bytes (REL,CON,CODE)

      Value  Global                              Global Defined In Module
      -----  --------------------------------   ------------------------
C:   0000011F  A$main$1605                        main
C:   0000011F  C$main.c$32$1$25                   main
C:   00000121  A$main$1606                        main
C:   00000123  A$main$1607                        main
C:   00000124  A$main$1608                        main
C:   00000127  A$main$1609                        main
C:   00000128  A$main$1611                        main
C:   00000129  A$main$1612                        main
C:   0000012A  A$main$1613                        main
C:   0000012C  A$main$1616                        main
C:   0000012C  C$main.c$34$2$26                   main
C:   0000012E  A$main$1619                        main
C:   0000012E  C$main.c$35$2$26                   main
C:   00000130  A$main$1622                        main
C:   00000130  C$main.c$36$2$26                   main
C:   00000133  A$main$1625                        main
C:   00000133  C$main.c$37$2$26                   main
C:   00000136  A$main$1628                        main
C:   00000136  C$main.c$38$2$26                   main
C:   00000138  A$main$1632                        main
C:   00000138  C$main.c$40$2$26                   main
C:   0000013B  A$main$1633                        main
C:   0000013D  A$main$1637                        main
C:   0000013D  C$main.c$42$1$25                   main
C:   0000013D  XG$delay_ms$0$0                    main
C:   0000013E  A$main$1650                        main
C:   0000013E  C$main.c$45$1$25                   main
C:   0000013E  G$delay_us$0$0                     main
C:   0000013E  _delay_us                          main
C:   00000140  A$main$1651                        main
C:   00000142  A$main$1654                        main
C:   00000142  C$main.c$47$1$28                   main
C:   00000144  A$main$1657                        main
C:   00000144  C$main.c$48$1$28                   main
C:   00000146  A$main$1660                        main
C:   00000146  C$main.c$49$1$28                   main
C:   00000149  A$main$1663                        main
C:   00000149  C$main.c$50$1$28                   main
C:   0000014C  A$main$1666                        main
C:   0000014C  C$main.c$51$1$28                   main
C:   0000014F  A$main$1669                        main
C:   0000014F  C$main.c$52$1$28                   main
C:   00000152  A$main$1672                        main
C:   00000152  C$main.c$53$1$28                   main
C:   00000154  A$main$1676                        main
C:   00000154  C$main.c$55$1$28                   main
C:   00000156  A$main$1677                        main
C:   00000158  A$main$1678                        main
C:   00000159  A$main$1679                        main
C:   0000015C  A$main$1680                        main
C:   0000015D  A$main$1682                        main
ASxxxx Linker V03.00 + NoICE + sdld,  page 34.
Hexadecimal  [32-Bits]

Area                                    Addr        Size        Decimal Bytes (Attributes)
--------------------------------        ----        ----        ------- ----- ------------
CSEG                                00000087    00000802 =        2050. bytes (REL,CON,CODE)

      Value  Global                              Global Defined In Module
      -----  --------------------------------   ------------------------
C:   0000015E  A$main$1683                        main
C:   0000015F  A$main$1684                        main
C:   00000161  A$main$1690                        main
C:   00000161  C$main.c$57$2$29                   main
C:   00000161  C$main.c$58$2$29                   main
C:   00000164  A$main$1691                        main
C:   00000166  A$main$1695                        main
C:   00000166  C$main.c$60$1$28                   main
C:   00000166  XG$delay_us$0$0                    main
C:   00000167  A$main$1710                        main
C:   00000167  C$main.c$161$1$28                  main
C:   00000167  C$main.c$164$1$31                  main
C:   00000167  G$le_glcd$0$0                      main
C:   00000167  _le_glcd                           main
C:   00000169  A$main$1713                        main
C:   00000169  C$main.c$165$1$31                  main
C:   0000016B  A$main$1714                        main
C:   0000016D  A$main$1717                        main
C:   0000016D  C$main.c$166$1$31                  main
C:   0000016F  A$main$1718                        main
C:   00000170  A$main$1719                        main
C:   00000172  A$main$1722                        main
C:   00000172  C$main.c$167$1$31                  main
C:   00000174  A$main$1723                        main
C:   00000176  A$main$1726                        main
C:   00000176  C$main.c$168$1$31                  main
C:   00000177  A$main$1727                        main
C:   00000178  A$main$1728                        main
C:   00000179  A$main$1729                        main
C:   0000017A  A$main$1732                        main
C:   0000017A  C$main.c$169$1$31                  main
C:   0000017C  A$main$1735                        main
C:   0000017C  C$main.c$170$1$31                  main
C:   0000017D  A$main$1736                        main
C:   0000017E  A$main$1737                        main
C:   0000017F  A$main$1738                        main
C:   00000180  A$main$1739                        main
C:   00000181  A$main$1740                        main
C:   00000182  A$main$1741                        main
C:   00000183  A$main$1742                        main
C:   00000184  A$main$1745                        main
C:   00000184  C$main.c$171$1$31                  main
C:   00000187  A$main$1748                        main
C:   00000187  C$main.c$172$1$31                  main
C:   0000018A  A$main$1751                        main
C:   0000018A  C$main.c$173$1$31                  main
C:   0000018D  A$main$1754                        main
C:   0000018D  C$main.c$174$1$31                  main
C:   0000018E  A$main$1755                        main
C:   0000018F  A$main$1756                        main
C:   00000190  A$main$1757                        main
ASxxxx Linker V03.00 + NoICE + sdld,  page 35.
Hexadecimal  [32-Bits]

Area                                    Addr        Size        Decimal Bytes (Attributes)
--------------------------------        ----        ----        ------- ----- ------------
CSEG                                00000087    00000802 =        2050. bytes (REL,CON,CODE)

      Value  Global                              Global Defined In Module
      -----  --------------------------------   ------------------------
C:   00000191  A$main$1760                        main
C:   00000191  C$main.c$175$1$31                  main
C:   00000193  A$main$1763                        main
C:   00000193  C$main.c$176$1$31                  main
C:   00000194  A$main$1764                        main
C:   00000195  A$main$1765                        main
C:   00000196  A$main$1766                        main
C:   00000197  A$main$1767                        main
C:   00000198  A$main$1768                        main
C:   00000199  A$main$1769                        main
C:   0000019A  A$main$1770                        main
C:   0000019B  A$main$1771                        main
C:   0000019C  A$main$1772                        main
C:   0000019D  A$main$1773                        main
C:   0000019E  A$main$1774                        main
C:   0000019F  A$main$1779                        main
C:   0000019F  C$main.c$177$1$31                  main
C:   0000019F  C$main.c$178$1$31                  main
C:   0000019F  XG$le_glcd$0$0                     main
[...]
C:   00000214  C$main.c$213$1$35                  main
C:   00000216  A$main$1927                        main
C:   00000218  A$main$1928                        main
C:   0000021B  A$main$1929                        main
C:   0000021D  A$main$1930                        main
C:   00000220  A$main$1933                        main
C:   00000220  C$main.c$215$1$35                  main
C:   00000222  A$main$1934                        main
C:   00000224  A$main$1935                        main
C:   00000227  A$main$1936                        main
C:   0000022A  A$main$1939                        main
C:   0000022A  C$main.c$216$1$35                  main
C:   0000022C  A$main$1940                        main
C:   0000022E  A$main$1941                        main
C:   00000231  A$main$1942                        main
C:   00000234  A$main$1945                        main
C:   00000234  C$main.c$217$1$35                  main
C:   00000236  A$main$1946                        main
C:   00000238  A$main$1947                        main
C:   0000023B  A$main$1948                        main
C:   0000023E  A$main$1951                        main
C:   0000023E  C$main.c$218$1$35                  main
C:   00000240  A$main$1952                        main
C:   00000242  A$main$1953                        main
C:   00000245  A$main$1954                        main
C:   00000248  A$main$1957                        main
C:   00000248  C$main.c$219$1$35                  main
C:   0000024A  A$main$1958                        main
C:   0000024C  A$main$1959                        main
C:   0000024F  A$main$1960                        main
C:   00000252  A$main$1963                        main
C:   00000252  C$main.c$220$1$35                  main
C:   00000254  A$main$1964                        main
ASxxxx Linker V03.00 + NoICE + sdld,  page 38.
Hexadecimal  [32-Bits]

Area                                    Addr        Size        Decimal Bytes (Attributes)
--------------------------------        ----        ----        ------- ----- ------------
CSEG                                00000087    00000802 =        2050. bytes (REL,CON,CODE)

      Value  Global                              Global Defined In Module
      -----  --------------------------------   ------------------------
C:   00000256  A$main$1965                        main
C:   00000259  A$main$1966                        main
C:   0000025C  A$main$1969                        main
C:   0000025C  C$main.c$221$1$35                  main
C:   0000025E  A$main$1970                        main
C:   00000260  A$main$1971                        main
C:   00000263  A$main$1972                        main
C:   00000266  A$main$1975                        main
C:   00000266  C$main.c$222$1$35                  main
C:   00000268  A$main$1976                        main
C:   0000026A  A$main$1977                        main
C:   0000026D  A$main$1978                        main
C:   00000270  A$main$1981                        main
C:   00000270  C$main.c$223$1$35                  main
C:   00000270  XG$Ini_glcd$0$0                    main
C:   00000271  A$main$1994                        main
C:   00000271  C$main.c$225$1$35                  main
C:   00000271  G$conf_Y$0$0                       main
C:   00000271  _conf_Y                            main
C:   00000273  A$main$1997                        main
C:   00000273  C$main.c$227$1$37                  main
C:   00000276  A$main$2000                        main
C:   00000276  C$main.c$228$1$37                  main
C:   00000278  A$main$2001                        main
C:   00000279  A$main$2002                        main
C:   0000027B  A$main$2003                        main
C:   0000027D  A$main$2004                        main
C:   0000027F  A$main$2005                        main
C:   00000281  A$main$2006                        main
C:   00000284  A$main$2009                        main
C:   00000284  C$main.c$229$1$37                  main
C:   00000284  XG$conf_Y$0$0                      main
C:   00000285  A$main$2022                        main
C:   00000285  C$main.c$231$1$37                  main
C:   00000285  G$conf_pag$0$0                     main
C:   00000285  _conf_pag                          main
C:   00000287  A$main$2025                        main
C:   00000287  C$main.c$233$1$39                  main
C:   0000028A  A$main$2028                        main
C:   0000028A  C$main.c$234$1$39                  main
C:   0000028C  A$main$2029                        main
C:   0000028D  A$main$2030                        main
C:   0000028F  A$main$2031                        main
C:   00000291  A$main$2032                        main
C:   00000293  A$main$2033                        main
C:   00000295  A$main$2034                        main
C:   00000298  A$main$2037                        main
C:   00000298  C$main.c$235$1$39                  main
C:   00000298  XG$conf_pag$0$0                    main
C:   00000299  A$main$2053                        main
C:   00000299  C$main.c$237$1$39                  main
ASxxxx Linker V03.00 + NoICE + sdld,  page 39.
Hexadecimal  [32-Bits]

Area                                    Addr        Size        Decimal Bytes (Attributes)
--------------------------------        ----        ----        ------- ----- ------------
CSEG                                00000087    00000802 =        2050. bytes (REL,CON,CODE)

      Value  Global                              Global Defined In Module
      -----  --------------------------------   ------------------------
C:   00000299  G$limpa_glcd$0$0                   main
C:   00000299  _limpa_glcd                        main
C:   0000029B  A$main$2057                        main
C:   0000029B  C$main.c$243$2$42                  main
C:   0000029D  A$main$2058                        main
C:   0000029F  A$main$2059                        main
C:   000002A1  A$main$2060                        main
C:   000002A3  A$main$2061                        main
C:   000002A6  A$main$2064                        main
C:   000002A6  C$main.c$244$2$42                  main
C:   000002A8  A$main$2065                        main
C:   000002AA  A$main$2066                        main
C:   000002AD  A$main$2067                        main
C:   000002B0  A$main$2068                        main
C:   000002B2  A$main$2071                        main
C:   000002B2  C$main.c$245$1$41                  main
C:   000002B4  A$main$2075                        main
C:   000002B4  C$main.c$246$2$42                  main
C:   000002B6  A$main$2076                        main
C:   000002B8  A$main$2077                        main
C:   000002BA  A$main$2078                        main
C:   000002BD  A$main$2079                        main
C:   000002BF  A$main$2080                        main
C:   000002C1  A$main$2081                        main
C:   000002C4  A$main$2082                        main
C:   000002C6  A$main$2083                        main
C:   000002C8  A$main$2086                        main
C:   000002C8  C$main.c$245$2$42                  main
C:   000002C9  A$main$2087                        main
C:   000002CC  A$main$2089                        main
C:   000002CE  A$main$2092                        main
C:   000002CE  C$main.c$241$1$41                  main
C:   000002CF  A$main$2093                        main
C:   000002D2  A$main$2095                        main
C:   000002D4  A$main$2098                        main
C:   000002D4  C$main.c$248$1$41                  main
C:   000002D4  XG$limpa_glcd$0$0                  main
C:   000002D5  A$main$2111                        main
C:   000002D5  C$main.c$250$1$41                  main
C:   000002D5  G$putchar$0$0                      main
C:   000002D5  _putchar                           main
C:   000002D8  A$main$2117                        main
C:   000002D8  C$main.c$253$1$44                  main
C:   000002D8  C$main.c$254$1$44                  main
C:   000002DB  A$main$2118                        main
C:   000002DD  A$main$2122                        main
C:   000002DD  C$main.c$255$1$44                  main
C:   000002DD  XG$putchar$0$0                     main
C:   000002DE  A$main$2135                        main
C:   000002DE  C$main.c$259$1$44                  main
C:   000002DE  C$main.c$260$1$46                  main
ASxxxx Linker V03.00 + NoICE + sdld,  page 40.
Hexadecimal  [32-Bits]

Area                                    Addr        Size        Decimal Bytes (Attributes)
--------------------------------        ----        ----        ------- ----- ------------
CSEG                                00000087    00000802 =        2050. bytes (REL,CON,CODE)

      Value  Global                              Global Defined In Module
      -----  --------------------------------   ------------------------
C:   000002DE  G$int_serial$0$0                   main
C:   000002DE  _int_serial                        main
C:   000002E1  A$main$2138                        main
C:   000002E1  C$main.c$261$2$47                  main
C:   000002E3  A$main$2141                        main
C:   000002E3  C$main.c$262$2$47                  main
C:   000002E5  A$main$2145                        main
C:   000002E5  C$main.c$264$1$46                  main
C:   000002E5  XG$int_serial$0$0                  main
C:   000002E6  A$main$2164                        main
C:   000002E6  C$main.c$266$1$46                  main
C:   000002E6  C$main.c$268$1$48                  main
C:   000002E6  G$main$0$0                         main
C:   000002E6  _main                              main
C:   000002E9  A$main$2167                        main
C:   000002E9  C$main.c$269$1$48                  main
C:   000002EC  A$main$2170                        main
C:   000002EC  C$main.c$270$1$48                  main
C:   000002EF  A$main$2173                        main
C:   000002EF  C$main.c$271$1$48                  main
C:   000002F2  A$main$2181                        main
C:   000002F2  C$main.c$278$1$48                  main
C:   000002F2  C$main.c$279$2$49                  main
C:   000002F2  C$main.c$280$3$50                  main
C:   000002F5  A$main$2182                        main
C:   000002F7  A$main$2186                        main
C:   000002F7  C$main.c$281$3$50                  main
C:   000002F9  A$main$2187                        main
C:   000002FC  A$main$2188                        main
C:   000002FE  A$main$2190                        main
C:   00000301  A$main$2191                        main
C:   00000303  A$main$2193                        main
C:   00000306  A$main$2194                        main
C:   00000308  A$main$2196                        main
C:   0000030B  A$main$2202                        main
C:   0000030B  C$main.c$283$4$51                  main
C:   0000030B  C$main.c$284$4$51                  main
C:   0000030D  A$main$2203                        main
C:   0000030F  A$main$2204                        main
C:   00000311  A$main$2205                        main
C:   00000313  A$main$2206                        main
C:   00000316  A$main$2207                        main
C:   00000318  A$main$2208                        main
C:   0000031A  A$main$2214                        main
C:   0000031A  C$main.c$285$5$52                  main
C:   0000031A  C$main.c$286$5$52                  main
C:   0000031C  A$main$2215                        main
C:   0000031E  A$main$2216                        main
C:   00000320  A$main$2217                        main
C:   00000322  A$main$2218                        main
C:   00000324  A$main$2219                        main
ASxxxx Linker V03.00 + NoICE + sdld,  page 41.
Hexadecimal  [32-Bits]

Area                                    Addr        Size        Decimal Bytes (Attributes)
--------------------------------        ----        ----        ------- ----- ------------
CSEG                                00000087    00000802 =        2050. bytes (REL,CON,CODE)

      Value  Global                              Global Defined In Module
      -----  --------------------------------   ------------------------
C:   00000326  A$main$2220                        main
C:   00000328  A$main$2221                        main
C:   0000032A  A$main$2222                        main
C:   0000032D  A$main$2223                        main
C:   0000032F  A$main$2224                        main
C:   00000331  A$main$2225                        main
C:   00000333  A$main$2228                        main
C:   00000333  C$main.c$287$5$52                  main
C:   00000336  A$main$2229                        main
C:   00000339  A$main$2234                        main
C:   00000339  C$main.c$288$4$51                  main
C:   00000339  C$main.c$289$4$51                  main
C:   0000033C  A$main$2235                        main
C:   0000033E  A$main$2239                        main
C:   0000033E  C$main.c$290$4$51                  main
C:   00000340  A$main$2240                        main
C:   00000342  A$main$2241                        main
C:   00000344  A$main$2242                        main
C:   00000346  A$main$2243                        main
C:   00000349  A$main$2244                        main
C:   0000034B  A$main$2245                        main
C:   0000034D  A$main$2250                        main
C:   0000034D  C$main.c$291$4$51                  main
C:   0000034D  C$main.c$293$4$51                  main
C:   0000034F  A$main$2254                        main
C:   0000034F  C$main.c$294$4$51                  main
C:   00000351  A$main$2259                        main
C:   00000351  C$main.c$295$4$51                  main
C:   00000351  C$main.c$297$4$51                  main
C:   00000353  A$main$2263                        main
C:   00000353  C$main.c$298$4$51                  main
C:   00000355  A$main$2264                        main
C:   00000357  A$main$2265                        main
C:   00000359  A$main$2266                        main
C:   0000035B  A$main$2267                        main
C:   0000035E  A$main$2268                        main
C:   00000360  A$main$2269                        main
C:   00000362  A$main$2272                        main
C:   00000362  C$main.c$299$4$51                  main
C:   00000364  A$main$2273                        main
C:   00000366  A$main$2274                        main
C:   00000368  A$main$2275                        main
C:   0000036A  A$main$2276                        main
C:   0000036D  A$main$2277                        main
C:   0000036F  A$main$2278                        main
C:   00000371  A$main$2281                        main
C:   00000371  C$main.c$300$4$51                  main
C:   00000373  A$main$2282                        main
C:   00000375  A$main$2283                        main
C:   00000377  A$main$2284                        main
C:   00000379  A$main$2285                        main
ASxxxx Linker V03.00 + NoICE + sdld,  page 42.
Hexadecimal  [32-Bits]

Area                                    Addr        Size        Decimal Bytes (Attributes)
--------------------------------        ----        ----        ------- ----- ------------
CSEG                                00000087    00000802 =        2050. bytes (REL,CON,CODE)

      Value  Global                              Global Defined In Module
      -----  --------------------------------   ------------------------
C:   0000037C  A$main$2286                        main
C:   0000037E  A$main$2287                        main
C:   00000380  A$main$2290                        main
C:   00000380  C$main.c$301$4$51                  main
C:   00000382  A$main$2291                        main
C:   00000384  A$main$2292                        main
C:   00000386  A$main$2293                        main
C:   00000388  A$main$2294                        main
C:   0000038B  A$main$2295                        main
C:   0000038D  A$main$2296                        main
C:   0000038F  A$main$2299                        main
C:   0000038F  C$main.c$302$4$51                  main
C:   00000392  A$main$2305                        main
C:   00000392  C$main.c$304$4$51                  main
C:   00000392  C$main.c$305$4$51                  main
C:   00000394  A$main$2306                        main
C:   00000396  A$main$2307                        main
C:   00000398  A$main$2308                        main
C:   0000039A  A$main$2309                        main
C:   0000039D  A$main$2310                        main
C:   0000039F  A$main$2311                        main
C:   000003A1  A$main$2314                        main
C:   000003A1  C$main.c$307$1$48                  main
C:   000003A4  A$main$2317                        main
C:   000003A4  C$main.c$310$1$48                  main
C:   000003A4  XG$main$0$0                        main
C:   000003A5  _printf_fast_f                     printf_fast_f
C:   00000826  fs_rshift_a                        _fsrshift
C:   00000869  __gptrget                          _gptrget
C:   00000885  __sdcc_external_startup            _startup

ASxxxx Linker V03.00 + NoICE + sdld,  page 43.
Hexadecimal  [32-Bits]

Area                                    Addr        Size        Decimal Bytes (Attributes)
--------------------------------        ----        ----        ------- ----- ------------
CONST                               00000889    00000410 =        1040. bytes (REL,CON,CODE)

      Value  Global                              Global Defined In Module
      -----  --------------------------------   ------------------------
C:   00000889  G$fonte$0$0                        main
C:   00000889  _fonte                             main
C:   00000A69  Fmain$__str_0$0$0                  main
C:   00000A82  Fmain$__str_1$0$0                  main
C:   00000A8D  Fmain$__str_2$0$0                  main
C:   00000A8F  Fmain$__str_3$0$0                  main
C:   00000A93  Fmain$__str_4$0$0                  main
C:   00000A99  Fmain$__str_5$0$0                  main
C:   00000AA4  Fmain$__str_6$0$0                  main
C:   00000AB6  Fmain$__str_7$0$0                  main

ASxxxx Linker V03.00 + NoICE + sdld,  page 44.

Files Linked                              [ module(s) ]

Z:\MICAP\RS-232\main.rel                  [  ]


Libraries Linked                          [ object file ]

C:\Program Files\SDCC\bin\..\lib\small/libsdcc.lib
                                          [ printf_fast_f.rel ]
C:\Program Files\SDCC\bin\..\lib\small/mcs51.lib
                                          [ crtclear.rel ]
C:\Program Files\SDCC\bin\..\lib\small/libfloat.lib
                                          [ _fsrshift.rel ]
C:\Program Files\SDCC\bin\..\lib\small/mcs51.lib
                                          [ crtxinit.rel ]
C:\Program Files\SDCC\bin\..\lib\small/mcs51.lib
                                          [ crtxclear.rel ]
C:\Program Files\SDCC\bin\..\lib\small/libsdcc.lib
                                          [ _bp.rel ]
C:\Program Files\SDCC\bin\..\lib\small/mcs51.lib
                                          [ crtstart.rel ]
C:\Program Files\SDCC\bin\..\lib\small/libsdcc.lib
                                          [ _gptrget.rel ]
C:\Program Files\SDCC\bin\..\lib\small/libsdcc.lib
                                          [ _startup.rel ]

ASxxxx Linker V03.00 + NoICE + sdld,  page 45.

User Base Address Definitions

HOME = 0x0000
XSEG = 0x0001
PSEG = 0x0001
ISEG = 0x0000
BSEG = 0x0000

