ASxxxx Linker V03.00 + NoICE + sdld,  page 1.
Hexadecimal  [32-Bits]

Area                                    Addr        Size        Decimal Bytes (Attributes)
--------------------------------        ----        ----        ------- ----- ------------
CABS                                00000000    00000000 =           0. bytes (ABS,CON,CODE)

      Value  Global                              Global Defined In Module
      -----  --------------------------------   ------------------------
C:   00000000  l_BIT_BANK                      
C:   00000000  l_CABS                          
C:   00000000  l_GSINIT1                       
C:   00000000  l_GSINIT5                       
C:   00000000  l_IABS                          
C:   00000000  l_ISEG                          
C:   00000000  l_PSEG                          
C:   00000000  l_REG_BANK_1                    
C:   00000000  l_REG_BANK_2                    
C:   00000000  l_REG_BANK_3                    
C:   00000000  l_RSEG                          
C:   00000000  l_RSEG0                         
C:   00000000  l_RSEG1                         
C:   00000000  l_XABS                          
C:   00000000  l_XINIT                         
C:   00000000  l_XISEG                         
C:   00000000  l_XSEG                          
C:   00000000  l__CODE                         
C:   00000000  s_BSEG                          
C:   00000000  s_CABS                          
C:   00000000  s_DSEG                          
C:   00000000  s_HOME                          
C:   00000000  s_IABS                          
C:   00000000  s_ISEG                          
C:   00000000  s_REG_BANK_0                    
C:   00000000  s_RSEG                          
C:   00000000  s_RSEG0                         
C:   00000000  s_RSEG1                         
C:   00000000  s_XABS                          
C:   00000001  s_PSEG                          
C:   00000001  s_XISEG                         
C:   00000001  s_XSEG                          
C:   00000002  l_BSEG_BYTES                    
C:   00000002  l_OSEG                          
C:   00000003  l_GSFINAL                       
C:   00000003  l_GSINIT0                       
C:   00000005  l_GSINIT                        
C:   00000008  l_REG_BANK_0                    
C:   00000008  s_REG_BANK_1                    
C:   0000000A  l_GSINIT2                       
C:   0000000F  l_BSEG                          
C:   00000010  s_REG_BANK_2                    
C:   00000012  s_OSEG                          
C:   00000018  s_BIT_BANK                      
C:   00000018  s_REG_BANK_3                    
C:   00000020  s_BSEG_BYTES                    
C:   00000020  s__CODE                         
C:   00000022  l_GSINIT3                       
C:   00000022  s_SSEG                          
C:   0000002A  l_GSINIT4                       
ASxxxx Linker V03.00 + NoICE + sdld,  page 2.
Hexadecimal  [32-Bits]

Area                                    Addr        Size        Decimal Bytes (Attributes)
--------------------------------        ----        ----        ------- ----- ------------
CABS                                00000000    00000000 =           0. bytes (ABS,CON,CODE)

      Value  Global                              Global Defined In Module
      -----  --------------------------------   ------------------------
C:   00000031  l_HOME                          
C:   00000031  s_GSINIT0                       
C:   00000034  s_GSINIT1                       
C:   00000034  s_GSINIT2                       
C:   0000003E  s_GSINIT3                       
C:   00000060  s_GSINIT4                       
C:   00000074  l_DSEG                          
C:   0000008A  s_GSINIT                        
C:   0000008A  s_GSINIT5                       
C:   0000008F  s_GSFINAL                       
C:   00000092  s_CSEG                          
C:   000000DE  l_SSEG                          
C:   00000100  l_IRAM                          
C:   00000B08  l_CSEG                          
C:   00000B9A  s_CONST                         
C:   000078F0  l_CONST                         
C:   0000848A  s_XINIT                         

ASxxxx Linker V03.00 + NoICE + sdld,  page 3.
Hexadecimal  [32-Bits]

Area                                    Addr        Size        Decimal Bytes (Attributes)
--------------------------------        ----        ----        ------- ----- ------------
.  .ABS.                            00000000    00000000 =           0. bytes (ABS,CON)

      Value  Global                              Global Defined In Module
      -----  --------------------------------   ------------------------
     00000000  .__.ABS.                           _fsget1arg
     00000080  G$P0$0$0                           main
     00000080  G$P0_0$0$0                         main
     00000080  _P0                                main
     00000080  _P0_0                              main
     00000081  G$P0_1$0$0                         main
     00000081  G$SP$0$0                           main
     00000081  _P0_1                              main
     00000081  _SP                                main
     00000082  G$DPL$0$0                          main
     00000082  G$P0_2$0$0                         main
     00000082  _DPL                               main
     00000082  _P0_2                              main
     00000083  G$DPH$0$0                          main
     00000083  G$P0_3$0$0                         main
     00000083  _DPH                               main
     00000083  _P0_3                              main
     00000084  G$P0_4$0$0                         main
     00000084  G$SFRPAGE$0$0                      main
     00000084  _P0_4                              main
     00000084  _SFRPAGE                           main
     00000085  G$P0_5$0$0                         main
     00000085  G$SFRNEXT$0$0                      main
     00000085  _P0_5                              main
     00000085  _SFRNEXT                           main
     00000086  G$P0_6$0$0                         main
     00000086  G$SFRLAST$0$0                      main
     00000086  _P0_6                              main
     00000086  _SFRLAST                           main
     00000087  G$P0_7$0$0                         main
     00000087  G$PCON$0$0                         main
     00000087  _P0_7                              main
     00000087  _PCON                              main
     00000088  G$CP0HYN0$0$0                      main
     00000088  G$CP1HYN0$0$0                      main
     00000088  G$CP2HYN0$0$0                      main
     00000088  G$CPT0CN$0$0                       main
     00000088  G$CPT1CN$0$0                       main
     00000088  G$CPT2CN$0$0                       main
     00000088  G$IT0$0$0                          main
     00000088  G$TCON$0$0                         main
     00000088  _CP0HYN0                           main
     00000088  _CP1HYN0                           main
     00000088  _CP2HYN0                           main
     00000088  _CPT0CN                            main
     00000088  _CPT1CN                            main
     00000088  _CPT2CN                            main
     00000088  _IT0                               main
     00000088  _TCON                              main
     00000089  G$CP0HYN1$0$0                      main
ASxxxx Linker V03.00 + NoICE + sdld,  page 4.
Hexadecimal  [32-Bits]

Area                                    Addr        Size        Decimal Bytes (Attributes)
--------------------------------        ----        ----        ------- ----- ------------
.  .ABS.                            00000000    00000000 =           0. bytes (ABS,CON)

      Value  Global                              Global Defined In Module
      -----  --------------------------------   ------------------------
     00000089  G$CP1HYN1$0$0                      main
     00000089  G$CP2HYN1$0$0                      main
     00000089  G$CPT0MD$0$0                       main
     00000089  G$CPT1MD$0$0                       main
     00000089  G$CPT2MD$0$0                       main
     00000089  G$IE0$0$0                          main
     00000089  G$TMOD$0$0                         main
     00000089  _CP0HYN1                           main
     00000089  _CP1HYN1                           main
     00000089  _CP2HYN1                           main
     00000089  _CPT0MD                            main
     00000089  _CPT1MD                            main
     00000089  _CPT2MD                            main
     00000089  _IE0                               main
     00000089  _TMOD                              main
     0000008A  G$CP0HYP0$0$0                      main
     0000008A  G$CP1HYP0$0$0                      main
     0000008A  G$CP2HYP0$0$0                      main
     0000008A  G$IT1$0$0                          main
     0000008A  G$OSCICN$0$0                       main
     0000008A  G$TL0$0$0                          main
     0000008A  _CP0HYP0                           main
     0000008A  _CP1HYP0                           main
     0000008A  _CP2HYP0                           main
     0000008A  _IT1                               main
     0000008A  _OSCICN                            main
     0000008A  _TL0                               main
     0000008B  G$CP0HYP1$0$0                      main
     0000008B  G$CP1HYP1$0$0                      main
     0000008B  G$CP2HYP1$0$0                      main
     0000008B  G$IE1$0$0                          main
     0000008B  G$OSCICL$0$0                       main
     0000008B  G$TL1$0$0                          main
     0000008B  _CP0HYP1                           main
     0000008B  _CP1HYP1                           main
     0000008B  _CP2HYP1                           main
     0000008B  _IE1                               main
     0000008B  _OSCICL                            main
     0000008B  _TL1                               main
     0000008C  G$CP0FIF$0$0                       main
     0000008C  G$CP1FIF$0$0                       main
     0000008C  G$CP2FIF$0$0                       main
     0000008C  G$OSCXCN$0$0                       main
     0000008C  G$TH0$0$0                          main
     0000008C  G$TR0$0$0                          main
     0000008C  _CP0FIF                            main
     0000008C  _CP1FIF                            main
     0000008C  _CP2FIF                            main
     0000008C  _OSCXCN                            main
     0000008C  _TH0                               main
     0000008C  _TR0                               main
ASxxxx Linker V03.00 + NoICE + sdld,  page 5.
Hexadecimal  [32-Bits]

Area                                    Addr        Size        Decimal Bytes (Attributes)
--------------------------------        ----        ----        ------- ----- ------------
.  .ABS.                            00000000    00000000 =           0. bytes (ABS,CON)

      Value  Global                              Global Defined In Module
      -----  --------------------------------   ------------------------
     0000008D  G$CP0RIF$0$0                       main
     0000008D  G$CP1RIF$0$0                       main
     0000008D  G$CP2RIF$0$0                       main
     0000008D  G$TF0$0$0                          main
     0000008D  G$TH1$0$0                          main
     0000008D  _CP0RIF                            main
     0000008D  _CP1RIF                            main
     0000008D  _CP2RIF                            main
     0000008D  _TF0                               main
     0000008D  _TH1                               main
     0000008E  G$CKCON$0$0                        main
     0000008E  G$CP0OUT$0$0                       main
     0000008E  G$CP1OUT$0$0                       main
     0000008E  G$CP2OUT$0$0                       main
     0000008E  G$TR1$0$0                          main
     0000008E  _CKCON                             main
     0000008E  _CP0OUT                            main
     0000008E  _CP1OUT                            main
     0000008E  _CP2OUT                            main
     0000008E  _TR1                               main
     0000008F  G$CP0EN$0$0                        main
     0000008F  G$CP1EN$0$0                        main
     0000008F  G$CP2EN$0$0                        main
     0000008F  G$PSCTL$0$0                        main
     0000008F  G$TF1$0$0                          main
     0000008F  _CP0EN                             main
     0000008F  _CP1EN                             main
     0000008F  _CP2EN                             main
     0000008F  _PSCTL                             main
     0000008F  _TF1                               main
     00000090  G$P1$0$0                           main
     00000090  G$P1_0$0$0                         main
     00000090  _P1                                main
     00000090  _P1_0                              main
     00000091  G$P1_1$0$0                         main
     00000091  G$SSTA0$0$0                        main
     00000091  _P1_1                              main
     00000091  _SSTA0                             main
     00000092  G$P1_2$0$0                         main
     00000092  _P1_2                              main
     00000093  G$P1_3$0$0                         main
     00000093  _P1_3                              main
     00000094  G$P1_4$0$0                         main
     00000094  _P1_4                              main
     00000095  G$P1_5$0$0                         main
     00000095  _P1_5                              main
     00000096  G$P1_6$0$0                         main
     00000096  G$SFRPGCN$0$0                      main
     00000096  _P1_6                              main
     00000096  _SFRPGCN                           main
     00000097  G$CLKSEL$0$0                       main
ASxxxx Linker V03.00 + NoICE + sdld,  page 6.
Hexadecimal  [32-Bits]

Area                                    Addr        Size        Decimal Bytes (Attributes)
--------------------------------        ----        ----        ------- ----- ------------
.  .ABS.                            00000000    00000000 =           0. bytes (ABS,CON)

      Value  Global                              Global Defined In Module
      -----  --------------------------------   ------------------------
     00000097  G$P1_7$0$0                         main
     00000097  _CLKSEL                            main
     00000097  _P1_7                              main
     00000098  G$RI0$0$0                          main
     00000098  G$RI1$0$0                          main
     00000098  G$SCON0$0$0                        main
     00000098  G$SCON1$0$0                        main
     00000098  _RI0                               main
     00000098  _RI1                               main
     00000098  _SCON0                             main
     00000098  _SCON1                             main
     00000099  G$SBUF0$0$0                        main
     00000099  G$SBUF1$0$0                        main
     00000099  G$TI0$0$0                          main
     00000099  G$TI1$0$0                          main
     00000099  _SBUF0                             main
     00000099  _SBUF1                             main
     00000099  _TI0                               main
     00000099  _TI1                               main
     0000009A  G$RB80$0$0                         main
     0000009A  G$RB81$0$0                         main
     0000009A  G$SPI0CFG$0$0                      main
     0000009A  _RB80                              main
     0000009A  _RB81                              main
     0000009A  _SPI0CFG                           main
     0000009B  G$SPI0DAT$0$0                      main
     0000009B  G$TB80$0$0                         main
     0000009B  G$TB81$0$0                         main
     0000009B  _SPI0DAT                           main
     0000009B  _TB80                              main
     0000009B  _TB81                              main
     0000009C  G$P4MDOUT$0$0                      main
     0000009C  G$REN0$0$0                         main
     0000009C  G$REN1$0$0                         main
     0000009C  _P4MDOUT                           main
     0000009C  _REN0                              main
     0000009C  _REN1                              main
     0000009D  G$MCE1$0$0                         main
     0000009D  G$P5MDOUT$0$0                      main
     0000009D  G$SM20$0$0                         main
     0000009D  G$SPI0CKR$0$0                      main
     0000009D  _MCE1                              main
     0000009D  _P5MDOUT                           main
     0000009D  _SM20                              main
     0000009D  _SPI0CKR                           main
     0000009E  G$P6MDOUT$0$0                      main
     0000009E  G$SM10$0$0                         main
     0000009E  _P6MDOUT                           main
     0000009E  _SM10                              main
     0000009F  G$P7MDOUT$0$0                      main
     0000009F  G$S1MODE$0$0                       main
ASxxxx Linker V03.00 + NoICE + sdld,  page 7.
Hexadecimal  [32-Bits]

Area                                    Addr        Size        Decimal Bytes (Attributes)
--------------------------------        ----        ----        ------- ----- ------------
.  .ABS.                            00000000    00000000 =           0. bytes (ABS,CON)

      Value  Global                              Global Defined In Module
      -----  --------------------------------   ------------------------
     0000009F  G$SM00$0$0                         main
     0000009F  _P7MDOUT                           main
     0000009F  _S1MODE                            main
     0000009F  _SM00                              main
     000000A0  G$P2$0$0                           main
     000000A0  G$P2_0$0$0                         main
     000000A0  _P2                                main
     000000A0  _P2_0                              main
     000000A1  G$EMI0TC$0$0                       main
     000000A1  G$P2_1$0$0                         main
     000000A1  _EMI0TC                            main
     000000A1  _P2_1                              main
     000000A2  G$EMI0CN$0$0                       main
     000000A2  G$P2_2$0$0                         main
     000000A2  G$_XPAGE$0$0                       main
     000000A2  _EMI0CN                            main
     000000A2  _P2_2                              main
     000000A2  __XPAGE                            main
     000000A3  G$EMI0CF$0$0                       main
     000000A3  G$P2_3$0$0                         main
     000000A3  _EMI0CF                            main
     000000A3  _P2_3                              main
     000000A4  G$P0MDOUT$0$0                      main
     000000A4  G$P2_4$0$0                         main
     000000A4  _P0MDOUT                           main
     000000A4  _P2_4                              main
     000000A5  G$P1MDOUT$0$0                      main
     000000A5  G$P2_5$0$0                         main
     000000A5  _P1MDOUT                           main
     000000A5  _P2_5                              main
     000000A6  G$P2MDOUT$0$0                      main
     000000A6  G$P2_6$0$0                         main
     000000A6  _P2MDOUT                           main
     000000A6  _P2_6                              main
     000000A7  G$P2_7$0$0                         main
     000000A7  G$P3MDOUT$0$0                      main
     000000A7  _P2_7                              main
     000000A7  _P3MDOUT                           main
     000000A8  G$EX0$0$0                          main
     000000A8  G$IE$0$0                           main
     000000A8  _EX0                               main
     000000A8  _IE                                main
     000000A9  G$ET0$0$0                          main
     000000A9  G$SADDR0$0$0                       main
     000000A9  G$SADDR1$0$0                       main
     000000A9  _ET0                               main
     000000A9  _SADDR0                            main
     000000A9  _SADDR1                            main
     000000AA  G$EX1$0$0                          main
     000000AA  _EX1                               main
     000000AB  G$ET1$0$0                          main
ASxxxx Linker V03.00 + NoICE + sdld,  page 8.
Hexadecimal  [32-Bits]

Area                                    Addr        Size        Decimal Bytes (Attributes)
--------------------------------        ----        ----        ------- ----- ------------
.  .ABS.                            00000000    00000000 =           0. bytes (ABS,CON)

      Value  Global                              Global Defined In Module
      -----  --------------------------------   ------------------------
     000000AB  _ET1                               main
     000000AC  G$ES0$0$0                          main
     000000AC  _ES0                               main
     000000AD  G$ET2$0$0                          main
     000000AD  G$P1MDIN$0$0                       main
     000000AD  _ET2                               main
     000000AD  _P1MDIN                            main
     000000AE  G$P2MDIN$0$0                       main
     000000AE  _P2MDIN                            main
     000000AF  G$EA$0$0                           main
     000000AF  G$P3MDIN$0$0                       main
     000000AF  _EA                                main
     000000AF  _P3MDIN                            main
     000000B0  G$P3$0$0                           main
     000000B0  G$P3_0$0$0                         main
     000000B0  _P3                                main
     000000B0  _P3_0                              main
     000000B1  G$P3_1$0$0                         main
     000000B1  _P3_1                              main
     000000B2  G$P3_2$0$0                         main
     000000B2  _P3_2                              main
     000000B3  G$P3_3$0$0                         main
     000000B3  _P3_3                              main
     000000B4  G$P3_4$0$0                         main
     000000B4  _P3_4                              main
     000000B5  G$P3_5$0$0                         main
     000000B5  _P3_5                              main
     000000B6  G$P3_6$0$0                         main
     000000B6  _P3_6                              main
     000000B7  G$FLACL$0$0                        main
     000000B7  G$FLSCL$0$0                        main
     000000B7  G$P3_7$0$0                         main
     000000B7  _FLACL                             main
     000000B7  _FLSCL                             main
     000000B7  _P3_7                              main
     000000B8  G$IP$0$0                           main
     000000B8  G$PX0$0$0                          main
     000000B8  _IP                                main
     000000B8  _PX0                               main
     000000B9  G$PT0$0$0                          main
     000000B9  G$SADEN0$0$0                       main
     000000B9  _PT0                               main
     000000B9  _SADEN0                            main
     000000BA  G$AMX0CF$0$0                       main
     000000BA  G$AMX2CF$0$0                       main
     000000BA  G$PX1$0$0                          main
     000000BA  _AMX0CF                            main
     000000BA  _AMX2CF                            main
     000000BA  _PX1                               main
     000000BB  G$AMX0SL$0$0                       main
     000000BB  G$AMX2SL$0$0                       main
ASxxxx Linker V03.00 + NoICE + sdld,  page 9.
Hexadecimal  [32-Bits]

Area                                    Addr        Size        Decimal Bytes (Attributes)
--------------------------------        ----        ----        ------- ----- ------------
.  .ABS.                            00000000    00000000 =           0. bytes (ABS,CON)

      Value  Global                              Global Defined In Module
      -----  --------------------------------   ------------------------
     000000BB  G$PT1$0$0                          main
     000000BB  _AMX0SL                            main
     000000BB  _AMX2SL                            main
     000000BB  _PT1                               main
     000000BC  G$ADC0CF$0$0                       main
     000000BC  G$ADC2CF$0$0                       main
     000000BC  G$PS0$0$0                          main
     000000BC  _ADC0CF                            main
     000000BC  _ADC2CF                            main
     000000BC  _PS0                               main
     000000BD  G$AMX0PRT$0$0                      main
     000000BD  G$PT2$0$0                          main
     000000BD  _AMX0PRT                           main
     000000BD  _PT2                               main
     000000BE  G$ADC0L$0$0                        main
     000000BE  G$ADC2$0$0                         main
     000000BE  _ADC0L                             main
     000000BE  _ADC2                              main
     000000BF  G$ADC0H$0$0                        main
     000000BF  _ADC0H                             main
     000000C0  G$CAN0STA$0$0                      main
     000000C0  G$LEC0$0$0                         main
     000000C0  G$SMB0CN$0$0                       main
     000000C0  G$SMBTOE$0$0                       main
     000000C0  _CAN0STA                           main
     000000C0  _LEC0                              main
     000000C0  _SMB0CN                            main
     000000C0  _SMBTOE                            main
     000000C1  G$LEC1$0$0                         main
     000000C1  G$SMB0STA$0$0                      main
     000000C1  G$SMBFTE$0$0                       main
     000000C1  _LEC1                              main
     000000C1  _SMB0STA                           main
     000000C1  _SMBFTE                            main
     000000C2  G$AA$0$0                           main
     000000C2  G$LEC2$0$0                         main
     000000C2  G$SMB0DAT$0$0                      main
     000000C2  _AA                                main
     000000C2  _LEC2                              main
     000000C2  _SMB0DAT                           main
     000000C3  G$SI$0$0                           main
     000000C3  G$SMB0ADR$0$0                      main
     000000C3  G$TXOK$0$0                         main
     000000C3  _SI                                main
     000000C3  _SMB0ADR                           main
     000000C3  _TXOK                              main
     000000C4  G$ADC0GTL$0$0                      main
     000000C4  G$ADC2GT$0$0                       main
     000000C4  G$RXOK$0$0                         main
     000000C4  G$STO$0$0                          main
     000000C4  _ADC0GTL                           main
ASxxxx Linker V03.00 + NoICE + sdld,  page 10.
Hexadecimal  [32-Bits]

Area                                    Addr        Size        Decimal Bytes (Attributes)
--------------------------------        ----        ----        ------- ----- ------------
.  .ABS.                            00000000    00000000 =           0. bytes (ABS,CON)

      Value  Global                              Global Defined In Module
      -----  --------------------------------   ------------------------
     000000C4  _ADC2GT                            main
     000000C4  _RXOK                              main
     000000C4  _STO                               main
     000000C5  G$ADC0GTH$0$0                      main
     000000C5  G$EPASS$0$0                        main
     000000C5  G$STA$0$0                          main
     000000C5  _ADC0GTH                           main
     000000C5  _EPASS                             main
     000000C5  _STA                               main
     000000C6  G$ADC0LTL$0$0                      main
     000000C6  G$ADC2LT$0$0                       main
     000000C6  G$ENSMB$0$0                        main
     000000C6  G$EWARN$0$0                        main
     000000C6  _ADC0LTL                           main
     000000C6  _ADC2LT                            main
     000000C6  _ENSMB                             main
     000000C6  _EWARN                             main
     000000C7  G$ADC0LTH$0$0                      main
     000000C7  G$BOFF$0$0                         main
     000000C7  G$BUSY$0$0                         main
     000000C7  _ADC0LTH                           main
     000000C7  _BOFF                              main
     000000C7  _BUSY                              main
     000000C8  G$CPRL2$0$0                        main
     000000C8  G$CPRL3$0$0                        main
     000000C8  G$CPRL4$0$0                        main
     000000C8  G$P4$0$0                           main
     000000C8  G$P4_0$0$0                         main
     000000C8  G$TMR2CN$0$0                       main
     000000C8  G$TMR3CN$0$0                       main
     000000C8  G$TMR4CN$0$0                       main
     000000C8  _CPRL2                             main
     000000C8  _CPRL3                             main
     000000C8  _CPRL4                             main
     000000C8  _P4                                main
     000000C8  _P4_0                              main
     000000C8  _TMR2CN                            main
     000000C8  _TMR3CN                            main
     000000C8  _TMR4CN                            main
     000000C9  G$CT2$0$0                          main
     000000C9  G$CT3$0$0                          main
     000000C9  G$CT4$0$0                          main
     000000C9  G$P4_1$0$0                         main
     000000C9  G$TMR2CF$0$0                       main
     000000C9  G$TMR3CF$0$0                       main
     000000C9  G$TMR4CF$0$0                       main
     000000C9  _CT2                               main
     000000C9  _CT3                               main
     000000C9  _CT4                               main
     000000C9  _P4_1                              main
     000000C9  _TMR2CF                            main
ASxxxx Linker V03.00 + NoICE + sdld,  page 11.
Hexadecimal  [32-Bits]

Area                                    Addr        Size        Decimal Bytes (Attributes)
--------------------------------        ----        ----        ------- ----- ------------
.  .ABS.                            00000000    00000000 =           0. bytes (ABS,CON)

      Value  Global                              Global Defined In Module
      -----  --------------------------------   ------------------------
     000000C9  _TMR3CF                            main
     000000C9  _TMR4CF                            main
     000000CA  G$P4_2$0$0                         main
     000000CA  G$RCAP2L$0$0                       main
     000000CA  G$RCAP3L$0$0                       main
     000000CA  G$RCAP4L$0$0                       main
     000000CA  G$TR2$0$0                          main
     000000CA  G$TR3$0$0                          main
     000000CA  G$TR4$0$0                          main
     000000CA  _P4_2                              main
     000000CA  _RCAP2L                            main
     000000CA  _RCAP3L                            main
     000000CA  _RCAP4L                            main
     000000CA  _TR2                               main
     000000CA  _TR3                               main
     000000CA  _TR4                               main
     000000CB  G$EXEN2$0$0                        main
     000000CB  G$EXEN3$0$0                        main
     000000CB  G$EXEN4$0$0                        main
     000000CB  G$P4_3$0$0                         main
     000000CB  G$RCAP2H$0$0                       main
     000000CB  G$RCAP3H$0$0                       main
     000000CB  G$RCAP4H$0$0                       main
     000000CB  _EXEN2                             main
     000000CB  _EXEN3                             main
     000000CB  _EXEN4                             main
     000000CB  _P4_3                              main
     000000CB  _RCAP2H                            main
     000000CB  _RCAP3H                            main
     000000CB  _RCAP4H                            main
     000000CC  G$P4_4$0$0                         main
     000000CC  G$TMR2L$0$0                        main
     000000CC  G$TMR3L$0$0                        main
     000000CC  G$TMR4L$0$0                        main
     000000CC  _P4_4                              main
     000000CC  _TMR2L                             main
     000000CC  _TMR3L                             main
     000000CC  _TMR4L                             main
     000000CD  G$P4_5$0$0                         main
     000000CD  G$TMR2H$0$0                        main
     000000CD  G$TMR3H$0$0                        main
     000000CD  G$TMR4H$0$0                        main
     000000CD  _P4_5                              main
     000000CD  _TMR2H                             main
     000000CD  _TMR3H                             main
     000000CD  _TMR4H                             main
     000000CE  G$EXF2$0$0                         main
     000000CE  G$EXF3$0$0                         main
     000000CE  G$EXF4$0$0                         main
     000000CE  G$P4_6$0$0                         main
     000000CE  _EXF2                              main
ASxxxx Linker V03.00 + NoICE + sdld,  page 12.
Hexadecimal  [32-Bits]

Area                                    Addr        Size        Decimal Bytes (Attributes)
--------------------------------        ----        ----        ------- ----- ------------
.  .ABS.                            00000000    00000000 =           0. bytes (ABS,CON)

      Value  Global                              Global Defined In Module
      -----  --------------------------------   ------------------------
     000000CE  _EXF3                              main
     000000CE  _EXF4                              main
     000000CE  _P4_6                              main
     000000CF  G$P4_7$0$0                         main
     000000CF  G$SMB0CR$0$0                       main
     000000CF  G$TF2$0$0                          main
     000000CF  G$TF3$0$0                          main
     000000CF  G$TF4$0$0                          main
     000000CF  _P4_7                              main
     000000CF  _SMB0CR                            main
     000000CF  _TF2                               main
     000000CF  _TF3                               main
     000000CF  _TF4                               main
     000000D0  G$P$0$0                            main
     000000D0  G$PSW$0$0                          main
     000000D0  _P                                 main
     000000D0  _PSW                               main
     000000D1  G$F1$0$0                           main
     000000D1  G$REF0CN$0$0                       main
     000000D1  _F1                                main
     000000D1  _REF0CN                            main
     000000D2  G$DAC0L$0$0                        main
     000000D2  G$DAC1L$0$0                        main
     000000D2  G$OV$0$0                           main
     000000D2  _DAC0L                             main
     000000D2  _DAC1L                             main
     000000D2  _OV                                main
     000000D3  G$DAC0H$0$0                        main
     000000D3  G$DAC1H$0$0                        main
     000000D3  G$RS0$0$0                          main
     000000D3  _DAC0H                             main
     000000D3  _DAC1H                             main
     000000D3  _RS0                               main
     000000D4  G$DAC0CN$0$0                       main
     000000D4  G$DAC1CN$0$0                       main
     000000D4  G$RS1$0$0                          main
     000000D4  _DAC0CN                            main
     000000D4  _DAC1CN                            main
     000000D4  _RS1                               main
     000000D5  G$F0$0$0                           main
     000000D5  _F0                                main
     000000D6  G$AC$0$0                           main
     000000D6  G$HVA0CN$0$0                       main
     000000D6  _AC                                main
     000000D6  _HVA0CN                            main
     000000D7  G$CY$0$0                           main
     000000D7  _CY                                main
     000000D8  G$CAN0DATL$0$0                     main
     000000D8  G$CCF0$0$0                         main
     000000D8  G$P5$0$0                           main
     000000D8  G$P5_0$0$0                         main
ASxxxx Linker V03.00 + NoICE + sdld,  page 13.
Hexadecimal  [32-Bits]

Area                                    Addr        Size        Decimal Bytes (Attributes)
--------------------------------        ----        ----        ------- ----- ------------
.  .ABS.                            00000000    00000000 =           0. bytes (ABS,CON)

      Value  Global                              Global Defined In Module
      -----  --------------------------------   ------------------------
     000000D8  G$PCA0CN$0$0                       main
     000000D8  _CAN0DATL                          main
     000000D8  _CCF0                              main
     000000D8  _P5                                main
     000000D8  _P5_0                              main
     000000D8  _PCA0CN                            main
     000000D9  G$CAN0DATH$0$0                     main
     000000D9  G$CCF1$0$0                         main
     000000D9  G$P5_1$0$0                         main
     000000D9  G$PCA0MD$0$0                       main
     000000D9  _CAN0DATH                          main
     000000D9  _CCF1                              main
     000000D9  _P5_1                              main
     000000D9  _PCA0MD                            main
     000000DA  G$CAN0ADR$0$0                      main
     000000DA  G$CCF2$0$0                         main
     000000DA  G$P5_2$0$0                         main
     000000DA  G$PCA0CPM0$0$0                     main
     000000DA  _CAN0ADR                           main
     000000DA  _CCF2                              main
     000000DA  _P5_2                              main
     000000DA  _PCA0CPM0                          main
     000000DB  G$CAN0TST$0$0                      main
     000000DB  G$CCF3$0$0                         main
     000000DB  G$P5_3$0$0                         main
     000000DB  G$PCA0CPM1$0$0                     main
     000000DB  _CAN0TST                           main
     000000DB  _CCF3                              main
     000000DB  _P5_3                              main
     000000DB  _PCA0CPM1                          main
     000000DC  G$CCF4$0$0                         main
     000000DC  G$P5_4$0$0                         main
     000000DC  G$PCA0CPM2$0$0                     main
     000000DC  _CCF4                              main
     000000DC  _P5_4                              main
     000000DC  _PCA0CPM2                          main
     000000DD  G$CCF5$0$0                         main
     000000DD  G$P5_5$0$0                         main
     000000DD  G$PCA0CPM3$0$0                     main
     000000DD  _CCF5                              main
     000000DD  _P5_5                              main
     000000DD  _PCA0CPM3                          main
     000000DE  G$CR$0$0                           main
     000000DE  G$P5_6$0$0                         main
     000000DE  G$PCA0CPM4$0$0                     main
     000000DE  _CR                                main
     000000DE  _P5_6                              main
     000000DE  _PCA0CPM4                          main
     000000DF  G$CF$0$0                           main
     000000DF  G$P5_7$0$0                         main
     000000DF  G$PCA0CPM5$0$0                     main
ASxxxx Linker V03.00 + NoICE + sdld,  page 14.
Hexadecimal  [32-Bits]

Area                                    Addr        Size        Decimal Bytes (Attributes)
--------------------------------        ----        ----        ------- ----- ------------
.  .ABS.                            00000000    00000000 =           0. bytes (ABS,CON)

      Value  Global                              Global Defined In Module
      -----  --------------------------------   ------------------------
     000000DF  _CF                                main
     000000DF  _P5_7                              main
     000000DF  _PCA0CPM5                          main
     000000E0  G$ACC$0$0                          main
     000000E0  _ACC                               main
     000000E1  G$PCA0CPL5$0$0                     main
     000000E1  G$XBR0$0$0                         main
     000000E1  _PCA0CPL5                          main
     000000E1  _XBR0                              main
     000000E2  G$PCA0CPH5$0$0                     main
     000000E2  G$XBR1$0$0                         main
     000000E2  _PCA0CPH5                          main
     000000E2  _XBR1                              main
     000000E3  G$XBR2$0$0                         main
     000000E3  _XBR2                              main
     000000E4  G$XBR3$0$0                         main
     000000E4  _XBR3                              main
     000000E6  G$EIE1$0$0                         main
     000000E6  _EIE1                              main
     000000E7  G$EIE2$0$0                         main
     000000E7  _EIE2                              main
     000000E8  G$AD0LJST$0$0                      main
     000000E8  G$AD2WINT$0$0                      main
     000000E8  G$ADC0CN$0$0                       main
     000000E8  G$ADC2CN$0$0                       main
     000000E8  G$P6$0$0                           main
     000000E8  G$P6_0$0$0                         main
     000000E8  _AD0LJST                           main
     000000E8  _AD2WINT                           main
     000000E8  _ADC0CN                            main
     000000E8  _ADC2CN                            main
     000000E8  _P6                                main
     000000E8  _P6_0                              main
     000000E9  G$AD0WINT$0$0                      main
     000000E9  G$AD2CM0$0$0                       main
     000000E9  G$P6_1$0$0                         main
     000000E9  G$PCA0CPL2$0$0                     main
     000000E9  _AD0WINT                           main
     000000E9  _AD2CM0                            main
     000000E9  _P6_1                              main
     000000E9  _PCA0CPL2                          main
     000000EA  G$AD0CM0$0$0                       main
     000000EA  G$AD2CM1$0$0                       main
     000000EA  G$P6_2$0$0                         main
     000000EA  G$PCA0CPH2$0$0                     main
     000000EA  _AD0CM0                            main
     000000EA  _AD2CM1                            main
     000000EA  _P6_2                              main
     000000EA  _PCA0CPH2                          main
     000000EB  G$AD0CM1$0$0                       main
     000000EB  G$AD2CM2$0$0                       main
ASxxxx Linker V03.00 + NoICE + sdld,  page 15.
Hexadecimal  [32-Bits]

Area                                    Addr        Size        Decimal Bytes (Attributes)
--------------------------------        ----        ----        ------- ----- ------------
.  .ABS.                            00000000    00000000 =           0. bytes (ABS,CON)

      Value  Global                              Global Defined In Module
      -----  --------------------------------   ------------------------
     000000EB  G$P6_3$0$0                         main
     000000EB  G$PCA0CPL3$0$0                     main
     000000EB  _AD0CM1                            main
     000000EB  _AD2CM2                            main
     000000EB  _P6_3                              main
     000000EB  _PCA0CPL3                          main
     000000EC  G$AD0BUSY$0$0                      main
     000000EC  G$AD2BUSY$0$0                      main
     000000EC  G$P6_4$0$0                         main
     000000EC  G$PCA0CPH3$0$0                     main
     000000EC  _AD0BUSY                           main
     000000EC  _AD2BUSY                           main
     000000EC  _P6_4                              main
     000000EC  _PCA0CPH3                          main
     000000ED  G$AD0INT$0$0                       main
     000000ED  G$AD2INT$0$0                       main
     000000ED  G$P6_5$0$0                         main
     000000ED  G$PCA0CPL4$0$0                     main
     000000ED  _AD0INT                            main
     000000ED  _AD2INT                            main
     000000ED  _P6_5                              main
     000000ED  _PCA0CPL4                          main
     000000EE  G$AD0TM$0$0                        main
     000000EE  G$AD2TM$0$0                        main
     000000EE  G$P6_6$0$0                         main
     000000EE  G$PCA0CPH4$0$0                     main
     000000EE  _AD0TM                             main
     000000EE  _AD2TM                             main
     000000EE  _P6_6                              main
     000000EE  _PCA0CPH4                          main
     000000EF  G$AD0EN$0$0                        main
     000000EF  G$AD2EN$0$0                        main
     000000EF  G$P6_7$0$0                         main
     000000EF  G$RSTSRC$0$0                       main
     000000EF  _AD0EN                             main
     000000EF  _AD2EN                             main
     000000EF  _P6_7                              main
     000000EF  _RSTSRC                            main
     000000F0  G$B$0$0                            main
     000000F0  _B                                 main
     000000F5  _B_5                               _gptrget
     000000F6  G$EIP1$0$0                         main
     000000F6  _B_6                               _gptrget
     000000F6  _EIP1                              main
     000000F7  G$EIP2$0$0                         main
     000000F7  _B_7                               _gptrget
     000000F7  _EIP2                              main
     000000F8  G$CAN0CN$0$0                       main
     000000F8  G$CANINIT$0$0                      main
     000000F8  G$P7$0$0                           main
     000000F8  G$P7_0$0$0                         main
ASxxxx Linker V03.00 + NoICE + sdld,  page 16.
Hexadecimal  [32-Bits]

Area                                    Addr        Size        Decimal Bytes (Attributes)
--------------------------------        ----        ----        ------- ----- ------------
.  .ABS.                            00000000    00000000 =           0. bytes (ABS,CON)

      Value  Global                              Global Defined In Module
      -----  --------------------------------   ------------------------
     000000F8  G$SPI0CN$0$0                       main
     000000F8  G$SPIEN$0$0                        main
     000000F8  _CAN0CN                            main
     000000F8  _CANINIT                           main
     000000F8  _P7                                main
     000000F8  _P7_0                              main
     000000F8  _SPI0CN                            main
     000000F8  _SPIEN                             main
     000000F9  G$CANIE$0$0                        main
     000000F9  G$P7_1$0$0                         main
     000000F9  G$PCA0L$0$0                        main
     000000F9  G$TXBMT$0$0                        main
     000000F9  _CANIE                             main
     000000F9  _P7_1                              main
     000000F9  _PCA0L                             main
     000000F9  _TXBMT                             main
     000000FA  G$CANSIE$0$0                       main
     000000FA  G$NSSMD0$0$0                       main
     000000FA  G$P7_2$0$0                         main
     000000FA  G$PCA0H$0$0                        main
     000000FA  _CANSIE                            main
     000000FA  _NSSMD0                            main
     000000FA  _P7_2                              main
     000000FA  _PCA0H                             main
     000000FB  G$CANEIE$0$0                       main
     000000FB  G$NSSMD1$0$0                       main
     000000FB  G$P7_3$0$0                         main
     000000FB  G$PCA0CPL0$0$0                     main
     000000FB  _CANEIE                            main
     000000FB  _NSSMD1                            main
     000000FB  _P7_3                              main
     000000FB  _PCA0CPL0                          main
     000000FC  G$CANIF$0$0                        main
     000000FC  G$P7_4$0$0                         main
     000000FC  G$PCA0CPH0$0$0                     main
     000000FC  G$RXOVRN$0$0                       main
     000000FC  _CANIF                             main
     000000FC  _P7_4                              main
     000000FC  _PCA0CPH0                          main
     000000FC  _RXOVRN                            main
     000000FD  G$CANDAR$0$0                       main
     000000FD  G$MODF$0$0                         main
     000000FD  G$P7_5$0$0                         main
     000000FD  G$PCA0CPL1$0$0                     main
     000000FD  _CANDAR                            main
     000000FD  _MODF                              main
     000000FD  _P7_5                              main
     000000FD  _PCA0CPL1                          main
     000000FE  G$CANCCE$0$0                       main
     000000FE  G$P7_6$0$0                         main
     000000FE  G$PCA0CPH1$0$0                     main
ASxxxx Linker V03.00 + NoICE + sdld,  page 17.
Hexadecimal  [32-Bits]

Area                                    Addr        Size        Decimal Bytes (Attributes)
--------------------------------        ----        ----        ------- ----- ------------
.  .ABS.                            00000000    00000000 =           0. bytes (ABS,CON)

      Value  Global                              Global Defined In Module
      -----  --------------------------------   ------------------------
     000000FE  G$WCOL$0$0                         main
     000000FE  _CANCCE                            main
     000000FE  _P7_6                              main
     000000FE  _PCA0CPH1                          main
     000000FE  _WCOL                              main
     000000FF  G$CANTEST$0$0                      main
     000000FF  G$P7_7$0$0                         main
     000000FF  G$SPIF$0$0                         main
     000000FF  G$WDTCN$0$0                        main
     000000FF  _CANTEST                           main
     000000FF  _P7_7                              main
     000000FF  _SPIF                              main
     000000FF  _WDTCN                             main
     00008382  G$DP$0$0                           main
     00008382  _DP                                main
     0000BFBE  G$ADC0$0$0                         main
     0000BFBE  _ADC0                              main
     0000C5C4  G$ADC0GT$0$0                       main
     0000C5C4  _ADC0GT                            main
     0000C7C6  G$ADC0LT$0$0                       main
     0000C7C6  _ADC0LT                            main
     0000CBCA  G$RCAP2$0$0                        main
     0000CBCA  G$RCAP3$0$0                        main
     0000CBCA  G$RCAP4$0$0                        main
     0000CBCA  _RCAP2                             main
     0000CBCA  _RCAP3                             main
     0000CBCA  _RCAP4                             main
     0000CDCC  G$TMR2$0$0                         main
     0000CDCC  G$TMR3$0$0                         main
     0000CDCC  G$TMR4$0$0                         main
     0000CDCC  _TMR2                              main
     0000CDCC  _TMR3                              main
     0000CDCC  _TMR4                              main
     0000D3D2  G$DAC0$0$0                         main
     0000D3D2  G$DAC1$0$0                         main
     0000D3D2  _DAC0                              main
     0000D3D2  _DAC1                              main
     0000D9D8  G$CAN0DAT$0$0                      main
     0000D9D8  _CAN0DAT                           main
     0000E2E1  G$PCA0CP5$0$0                      main
     0000E2E1  _PCA0CP5                           main
     0000EAE9  G$PCA0CP2$0$0                      main
     0000EAE9  _PCA0CP2                           main
     0000ECEB  G$PCA0CP3$0$0                      main
     0000ECEB  _PCA0CP3                           main
     0000EEED  G$PCA0CP4$0$0                      main
     0000EEED  _PCA0CP4                           main
     0000FAF9  G$PCA0$0$0                         main
     0000FAF9  _PCA0                              main
     0000FCFB  G$PCA0CP0$0$0                      main
     0000FCFB  _PCA0CP0                           main
ASxxxx Linker V03.00 + NoICE + sdld,  page 18.
Hexadecimal  [32-Bits]

Area                                    Addr        Size        Decimal Bytes (Attributes)
--------------------------------        ----        ----        ------- ----- ------------
.  .ABS.                            00000000    00000000 =           0. bytes (ABS,CON)

      Value  Global                              Global Defined In Module
      -----  --------------------------------   ------------------------
     0000FEFD  G$PCA0CP1$0$0                      main
     0000FEFD  _PCA0CP1                           main

ASxxxx Linker V03.00 + NoICE + sdld,  page 19.
Hexadecimal  [32-Bits]

Area                                    Addr        Size        Decimal Bytes (Attributes)
--------------------------------        ----        ----        ------- ----- ------------
BSEG_BYTES                          00000020    00000002 =           2. bytes (REL,CON)

      Value  Global                              Global Defined In Module
      -----  --------------------------------   ------------------------
ASxxxx Linker V03.00 + NoICE + sdld,  page 20.
Hexadecimal  [32-Bits]

Area                                    Addr        Size        Decimal Bytes (Attributes)
--------------------------------        ----        ----        ------- ----- ------------
REG_BANK_0                          00000000    00000008 =           8. bytes (REL,OVR)

      Value  Global                              Global Defined In Module
      -----  --------------------------------   ------------------------
ASxxxx Linker V03.00 + NoICE + sdld,  page 21.
Hexadecimal  [32-Bits]

Area                                    Addr        Size        Decimal Bytes (Attributes)
--------------------------------        ----        ----        ------- ----- ------------
DSEG                                00000000    00000074 =         116. bytes (REL,CON)

      Value  Global                              Global Defined In Module
      -----  --------------------------------   ------------------------
     00000008  Lmain.putchar$count$1$43           main
     00000009  G$i$0$0                            main
     00000009  _i                                 main
     00000011  _bp                                _bp

ASxxxx Linker V03.00 + NoICE + sdld,  page 22.
Hexadecimal  [32-Bits]

Area                                    Addr        Size        Decimal Bytes (Attributes)
--------------------------------        ----        ----        ------- ----- ------------
OSEG                                00000012    00000002 =           2. bytes (REL,OVR)

      Value  Global                              Global Defined In Module
      -----  --------------------------------   ------------------------
     00000012  __mulint_PARM_2                    _mulint

ASxxxx Linker V03.00 + NoICE + sdld,  page 23.
Hexadecimal  [32-Bits]

Area                                    Addr        Size        Decimal Bytes (Attributes)
--------------------------------        ----        ----        ------- ----- ------------
SSEG                                00000022    000000DE =         222. bytes (REL,OVR)

      Value  Global                              Global Defined In Module
      -----  --------------------------------   ------------------------
     00000022  __start__stack                     main

ASxxxx Linker V03.00 + NoICE + sdld,  page 24.
Hexadecimal  [32-Bits]

Area                                    Addr        Size        Decimal Bytes (Attributes)
--------------------------------        ----        ----        ------- ----- ------------
HOME                                00000000    00000031 =          49. bytes (REL,CON,CODE)

      Value  Global                              Global Defined In Module
      -----  --------------------------------   ------------------------
C:   00000000  A$main$1292                        main
C:   00000003  A$main$1293                        main
C:   0000000B  A$main$1295                        main
C:   00000013  A$main$1297                        main
C:   0000001B  A$main$1299                        main
C:   00000023  A$main$1301                        main
C:   0000002B  A$main$1303                        main
C:   0000002E  A$main$1330                        main
C:   0000002E  __sdcc_program_startup             main
ASxxxx Linker V03.00 + NoICE + sdld,  page 25.
Hexadecimal  [32-Bits]

Area                                    Addr        Size        Decimal Bytes (Attributes)
--------------------------------        ----        ----        ------- ----- ------------
GSINIT0                             00000031    00000003 =           3. bytes (REL,CON,CODE)

      Value  Global                              Global Defined In Module
      -----  --------------------------------   ------------------------
C:   00000031  __sdcc_gsinit_startup              

ASxxxx Linker V03.00 + NoICE + sdld,  page 26.
Hexadecimal  [32-Bits]

Area                                    Addr        Size        Decimal Bytes (Attributes)
--------------------------------        ----        ----        ------- ----- ------------
GSINIT2                             00000034    0000000A =          10. bytes (REL,CON,CODE)

      Value  Global                              Global Defined In Module
      -----  --------------------------------   ------------------------
ASxxxx Linker V03.00 + NoICE + sdld,  page 27.
Hexadecimal  [32-Bits]

Area                                    Addr        Size        Decimal Bytes (Attributes)
--------------------------------        ----        ----        ------- ----- ------------
GSINIT3                             0000003E    00000022 =          34. bytes (REL,CON,CODE)

      Value  Global                              Global Defined In Module
      -----  --------------------------------   ------------------------
C:   0000003E  __mcs51_genXINIT                   

ASxxxx Linker V03.00 + NoICE + sdld,  page 28.
Hexadecimal  [32-Bits]

Area                                    Addr        Size        Decimal Bytes (Attributes)
--------------------------------        ----        ----        ------- ----- ------------
GSINIT4                             00000060    0000002A =          42. bytes (REL,CON,CODE)

      Value  Global                              Global Defined In Module
      -----  --------------------------------   ------------------------
C:   00000060  __mcs51_genRAMCLEAR                
C:   00000066  __mcs51_genXRAMCLEAR               

ASxxxx Linker V03.00 + NoICE + sdld,  page 29.
Hexadecimal  [32-Bits]

Area                                    Addr        Size        Decimal Bytes (Attributes)
--------------------------------        ----        ----        ------- ----- ------------
GSINIT                              0000008A    00000005 =           5. bytes (REL,CON,CODE)

      Value  Global                              Global Defined In Module
      -----  --------------------------------   ------------------------
C:   0000008A  A$main$1319                        main
C:   0000008A  C$main.c$285$1$49                  main
C:   0000008B  A$main$1320                        main
C:   0000008D  A$main$1321                        main

ASxxxx Linker V03.00 + NoICE + sdld,  page 30.
Hexadecimal  [32-Bits]

Area                                    Addr        Size        Decimal Bytes (Attributes)
--------------------------------        ----        ----        ------- ----- ------------
GSFINAL                             0000008F    00000003 =           3. bytes (REL,CON,CODE)

      Value  Global                              Global Defined In Module
      -----  --------------------------------   ------------------------
C:   0000008F  A$main$1323                        main

ASxxxx Linker V03.00 + NoICE + sdld,  page 31.
Hexadecimal  [32-Bits]

Area                                    Addr        Size        Decimal Bytes (Attributes)
--------------------------------        ----        ----        ------- ----- ------------
CSEG                                00000092    00000B08 =        2824. bytes (REL,CON,CODE)

      Value  Global                              Global Defined In Module
      -----  --------------------------------   ------------------------
C:   00000092  A$main$1356                        main
C:   00000092  C$config.c$10$0$0                  main
C:   00000092  C$config.c$12$1$1                  main
C:   00000092  G$Reset_Sources_Init$0$0           main
C:   00000092  _Reset_Sources_Init                main
C:   00000095  A$main$1359                        main
C:   00000095  C$config.c$13$1$1                  main
C:   00000098  A$main$1362                        main
C:   00000098  C$config.c$14$1$1                  main
C:   00000098  XG$Reset_Sources_Init$0$0          main
C:   00000099  A$main$1375                        main
C:   00000099  C$config.c$16$1$1                  main
C:   00000099  C$config.c$18$1$2                  main
C:   00000099  G$Timer_Init$0$0                   main
C:   00000099  _Timer_Init                        main
C:   0000009C  A$main$1378                        main
C:   0000009C  C$config.c$19$1$2                  main
C:   0000009F  A$main$1381                        main
C:   0000009F  C$config.c$20$1$2                  main
C:   000000A2  A$main$1384                        main
C:   000000A2  C$config.c$21$1$2                  main
C:   000000A5  A$main$1387                        main
C:   000000A5  C$config.c$22$1$2                  main
C:   000000A8  A$main$1390                        main
C:   000000A8  C$config.c$23$1$2                  main
C:   000000AB  A$main$1393                        main
C:   000000AB  C$config.c$24$1$2                  main
C:   000000AE  A$main$1396                        main
C:   000000AE  C$config.c$25$1$2                  main
C:   000000AE  XG$Timer_Init$0$0                  main
C:   000000AF  A$main$1409                        main
C:   000000AF  C$config.c$27$1$2                  main
C:   000000AF  C$config.c$29$1$3                  main
C:   000000AF  G$DAC_Init$0$0                     main
C:   000000AF  _DAC_Init                          main
C:   000000B2  A$main$1412                        main
C:   000000B2  C$config.c$30$1$3                  main
C:   000000B5  A$main$1415                        main
C:   000000B5  C$config.c$31$1$3                  main
C:   000000B5  XG$DAC_Init$0$0                    main
C:   000000B6  A$main$1428                        main
C:   000000B6  C$config.c$33$1$3                  main
C:   000000B6  C$config.c$35$1$4                  main
C:   000000B6  G$Voltage_Reference_Init$0$0       main
C:   000000B6  _Voltage_Reference_Init            main
C:   000000B9  A$main$1431                        main
C:   000000B9  C$config.c$36$1$4                  main
C:   000000BC  A$main$1434                        main
C:   000000BC  C$config.c$37$1$4                  main
C:   000000BC  XG$Voltage_Reference_Init$0$0      main
ASxxxx Linker V03.00 + NoICE + sdld,  page 32.
Hexadecimal  [32-Bits]

Area                                    Addr        Size        Decimal Bytes (Attributes)
--------------------------------        ----        ----        ------- ----- ------------
CSEG                                00000092    00000B08 =        2824. bytes (REL,CON,CODE)

      Value  Global                              Global Defined In Module
      -----  --------------------------------   ------------------------
C:   000000BD  A$main$1447                        main
C:   000000BD  C$config.c$39$1$4                  main
C:   000000BD  C$config.c$77$1$5                  main
C:   000000BD  G$Port_IO_Init$0$0                 main
C:   000000BD  _Port_IO_Init                      main
C:   000000C0  A$main$1450                        main
C:   000000C0  C$config.c$78$1$5                  main
C:   000000C3  A$main$1453                        main
C:   000000C3  C$config.c$79$1$5                  main
C:   000000C3  XG$Port_IO_Init$0$0                main
C:   000000C4  A$main$1468                        main
C:   000000C4  C$config.c$81$1$5                  main
C:   000000C4  C$config.c$84$1$6                  main
C:   000000C4  G$Oscillator_Init$0$0              main
C:   000000C4  _Oscillator_Init                   main
C:   000000C7  A$main$1471                        main
C:   000000C7  C$config.c$85$1$6                  main
C:   000000CA  A$main$1474                        main
C:   000000CA  C$config.c$86$1$6                  main
C:   000000CC  A$main$1475                        main
C:   000000CE  A$main$1477                        main
C:   000000CF  A$main$1478                        main
C:   000000D1  A$main$1479                        main
C:   000000D2  A$main$1480                        main
C:   000000D3  A$main$1481                        main
C:   000000D5  A$main$1482                        main
C:   000000D6  A$main$1483                        main
C:   000000D8  A$main$1484                        main
C:   000000DA  A$main$1485                        main
C:   000000DB  A$main$1486                        main
C:   000000DC  A$main$1487                        main
C:   000000DE  A$main$1491                        main
C:   000000DE  C$config.c$87$1$6                  main
C:   000000E0  A$main$1492                        main
C:   000000E3  A$main$1495                        main
C:   000000E3  C$config.c$88$1$6                  main
C:   000000E6  A$main$1498                        main
C:   000000E6  C$config.c$89$1$6                  main
C:   000000E6  XG$Oscillator_Init$0$0             main
C:   000000E7  A$main$1511                        main
C:   000000E7  C$config.c$91$1$6                  main
C:   000000E7  C$config.c$93$1$7                  main
C:   000000E7  G$Interrupts_Init$0$0              main
C:   000000E7  _Interrupts_Init                   main
C:   000000EA  A$main$1514                        main
C:   000000EA  C$config.c$94$1$7                  main
C:   000000EA  XG$Interrupts_Init$0$0             main
C:   000000EB  A$main$1527                        main
C:   000000EB  C$config.c$100$1$9                 main
C:   000000EB  C$config.c$98$1$7                  main
C:   000000EB  G$Init_Device$0$0                  main
ASxxxx Linker V03.00 + NoICE + sdld,  page 33.
Hexadecimal  [32-Bits]

Area                                    Addr        Size        Decimal Bytes (Attributes)
--------------------------------        ----        ----        ------- ----- ------------
CSEG                                00000092    00000B08 =        2824. bytes (REL,CON,CODE)

      Value  Global                              Global Defined In Module
      -----  --------------------------------   ------------------------
C:   000000EB  _Init_Device                       main
C:   000000EE  A$main$1530                        main
C:   000000EE  C$config.c$101$1$9                 main
C:   000000F1  A$main$1533                        main
C:   000000F1  C$config.c$102$1$9                 main
C:   000000F4  A$main$1536                        main
C:   000000F4  C$config.c$103$1$9                 main
C:   000000F7  A$main$1539                        main
C:   000000F7  C$config.c$104$1$9                 main
C:   000000FA  A$main$1542                        main
C:   000000FA  C$config.c$105$1$9                 main
C:   000000FD  A$main$1545                        main
C:   000000FD  C$config.c$106$1$9                 main
C:   00000100  A$main$1548                        main
C:   00000100  C$config.c$107$1$9                 main
C:   00000100  XG$Init_Device$0$0                 main
C:   00000101  A$main$1561                        main
C:   00000101  C$main.c$25$1$9                    main
C:   00000101  G$delay_ms$0$0                     main
C:   00000101  _delay_ms                          main
C:   00000103  A$main$1562                        main
C:   00000105  A$main$1565                        main
C:   00000105  C$main.c$27$1$24                   main
C:   00000108  A$main$1568                        main
C:   00000108  C$main.c$28$1$24                   main
C:   0000010B  A$main$1572                        main
C:   0000010B  C$main.c$30$1$24                   main
C:   0000010D  A$main$1573                        main
C:   0000010F  A$main$1574                        main
C:   00000110  A$main$1575                        main
C:   00000113  A$main$1576                        main
C:   00000114  A$main$1578                        main
C:   00000115  A$main$1579                        main
C:   00000116  A$main$1580                        main
C:   00000118  A$main$1583                        main
C:   00000118  C$main.c$32$2$25                   main
C:   0000011A  A$main$1586                        main
C:   0000011A  C$main.c$33$2$25                   main
C:   0000011C  A$main$1589                        main
C:   0000011C  C$main.c$34$2$25                   main
C:   0000011F  A$main$1592                        main
C:   0000011F  C$main.c$35$2$25                   main
C:   00000122  A$main$1595                        main
C:   00000122  C$main.c$36$2$25                   main
C:   00000124  A$main$1599                        main
C:   00000124  C$main.c$38$2$25                   main
C:   00000127  A$main$1600                        main
C:   00000129  A$main$1604                        main
C:   00000129  C$main.c$40$1$24                   main
C:   00000129  XG$delay_ms$0$0                    main
C:   0000012A  A$main$1617                        main
ASxxxx Linker V03.00 + NoICE + sdld,  page 34.
Hexadecimal  [32-Bits]

Area                                    Addr        Size        Decimal Bytes (Attributes)
--------------------------------        ----        ----        ------- ----- ------------
CSEG                                00000092    00000B08 =        2824. bytes (REL,CON,CODE)

      Value  Global                              Global Defined In Module
      -----  --------------------------------   ------------------------
C:   0000012A  C$main.c$43$1$24                   main
C:   0000012A  G$delay_us$0$0                     main
C:   0000012A  _delay_us                          main
C:   0000012C  A$main$1618                        main
C:   0000012E  A$main$1621                        main
C:   0000012E  C$main.c$45$1$27                   main
C:   00000130  A$main$1624                        main
C:   00000130  C$main.c$46$1$27                   main
C:   00000132  A$main$1627                        main
C:   00000132  C$main.c$47$1$27                   main
C:   00000135  A$main$1630                        main
C:   00000135  C$main.c$48$1$27                   main
C:   00000138  A$main$1633                        main
C:   00000138  C$main.c$49$1$27                   main
C:   0000013B  A$main$1636                        main
C:   0000013B  C$main.c$50$1$27                   main
C:   0000013E  A$main$1639                        main
C:   0000013E  C$main.c$51$1$27                   main
C:   00000140  A$main$1643                        main
C:   00000140  C$main.c$53$1$27                   main
C:   00000142  A$main$1644                        main
C:   00000144  A$main$1645                        main
C:   00000145  A$main$1646                        main
C:   00000148  A$main$1647                        main
C:   00000149  A$main$1649                        main
C:   0000014A  A$main$1650                        main
C:   0000014B  A$main$1651                        main
C:   0000014D  A$main$1657                        main
C:   0000014D  C$main.c$55$2$28                   main
C:   0000014D  C$main.c$56$2$28                   main
C:   00000150  A$main$1658                        main
C:   00000152  A$main$1662                        main
C:   00000152  C$main.c$58$1$27                   main
C:   00000152  XG$delay_us$0$0                    main
C:   00000153  A$main$1677                        main
C:   00000153  C$main.c$159$1$27                  main
C:   00000153  C$main.c$162$1$30                  main
C:   00000153  G$le_glcd$0$0                      main
C:   00000153  _le_glcd                           main
C:   00000155  A$main$1680                        main
C:   00000155  C$main.c$163$1$30                  main
C:   00000157  A$main$1681                        main
C:   00000159  A$main$1684                        main
C:   00000159  C$main.c$164$1$30                  main
C:   0000015B  A$main$1685                        main
C:   0000015C  A$main$1686                        main
C:   0000015E  A$main$1689                        main
C:   0000015E  C$main.c$165$1$30                  main
C:   00000160  A$main$1690                        main
C:   00000162  A$main$1693                        main
C:   00000162  C$main.c$166$1$30                  main
ASxxxx Linker V03.00 + NoICE + sdld,  page 35.
Hexadecimal  [32-Bits]

Area                                    Addr        Size        Decimal Bytes (Attributes)
--------------------------------        ----        ----        ------- ----- ------------
CSEG                                00000092    00000B08 =        2824. bytes (REL,CON,CODE)

      Value  Global                              Global Defined In Module
      -----  --------------------------------   ------------------------
C:   00000163  A$main$1694                        main
C:   00000164  A$main$1695                        main
C:   00000165  A$main$1696                        main
C:   00000166  A$main$1699                        main
C:   00000166  C$main.c$167$1$30                  main
C:   00000168  A$main$1702                        main
C:   00000168  C$main.c$168$1$30                  main
C:   00000169  A$main$1703                        main
C:   0000016A  A$main$1704                        main
C:   0000016B  A$main$1705                        main
C:   0000016C  A$main$1706                        main
C:   0000016D  A$main$1707                        main
C:   0000016E  A$main$1708                        main
C:   0000016F  A$main$1709                        main
C:   00000170  A$main$1712                        main
C:   00000170  C$main.c$169$1$30                  main
C:   00000173  A$main$1715                        main
C:   00000173  C$main.c$170$1$30                  main
C:   00000176  A$main$1718                        main
C:   00000176  C$main.c$171$1$30                  main
C:   00000179  A$main$1721                        main
C:   00000179  C$main.c$172$1$30                  main
C:   0000017A  A$main$1722                        main
C:   0000017B  A$main$1723                        main
C:   0000017C  A$main$1724                        main
C:   0000017D  A$main$1727                        main
C:   0000017D  C$main.c$173$1$30                  main
C:   0000017F  A$main$1730                        main
C:   0000017F  C$main.c$174$1$30                  main
C:   00000180  A$main$1731                        main
C:   00000181  A$main$1732                        main
C:   00000182  A$main$1733                        main
C:   00000183  A$main$1734                        main
C:   00000184  A$main$1735                        main
C:   00000185  A$main$1736                        main
C:   00000186  A$main$1737                        main
C:   00000187  A$main$1738                        main
C:   00000188  A$main$1739                        main
C:   00000189  A$main$1740                        main
C:   0000018A  A$main$1741                        main
C:   0000018B  A$main$1746                        main
C:   0000018B  C$main.c$175$1$30                  main
C:   0000018B  C$main.c$176$1$30                  main
C:   0000018B  XG$le_glcd$0$0                     main
C:   0000018C  A$main$1759                        main
C:   0000018C  C$main.c$178$1$30                  main
C:   0000018C  G$esc_glcd$0$0                     main
C:   0000018C  _esc_glcd                          main
C:   0000018E  A$main$1763                        main
C:   0000018E  C$main.c$180$1$32                  main
C:   00000190  A$main$1764                        main
ASxxxx Linker V03.00 + NoICE + sdld,  page 36.
Hexadecimal  [32-Bits]

Area                                    Addr        Size        Decimal Bytes (Attributes)
--------------------------------        ----        ----        ------- ----- ------------
CSEG                                00000092    00000B08 =        2824. bytes (REL,CON,CODE)

      Value  Global                              Global Defined In Module
      -----  --------------------------------   ------------------------
C:   00000192  A$main$1765                        main
C:   00000194  A$main$1766                        main
C:   00000196  A$main$1767                        main
[...]
C:   000002D0  A$main$2093                        main
C:   000002D2  A$main$2094                        main
C:   000002D5  A$main$2097                        main
C:   000002D5  C$main.c$255$2$44                  main
C:   000002D7  A$main$2098                        main
C:   000002DA  A$main$2099                        main
C:   000002DD  A$main$2100                        main
C:   000002DF  A$main$2103                        main
C:   000002DF  C$main.c$256$2$44                  main
C:   000002E1  A$main$2104                        main
C:   000002E3  A$main$2105                        main
C:   000002E6  A$main$2108                        main
C:   000002E6  C$main.c$257$2$44                  main
C:   000002E8  A$main$2109                        main
C:   000002EB  A$main$2110                        main
C:   000002EE  A$main$2113                        main
C:   000002EE  C$main.c$258$2$44                  main
C:   000002F1  A$main$2114                        main
C:   000002F4  A$main$2118                        main
C:   000002F4  C$main.c$262$2$45                  main
C:   000002F6  A$main$2119                        main
C:   000002F8  A$main$2120                        main
C:   000002FA  A$main$2123                        main
C:   000002FA  C$main.c$263$2$45                  main
C:   000002FC  A$main$2124                        main
C:   000002FE  A$main$2128                        main
ASxxxx Linker V03.00 + NoICE + sdld,  page 41.
Hexadecimal  [32-Bits]

Area                                    Addr        Size        Decimal Bytes (Attributes)
--------------------------------        ----        ----        ------- ----- ------------
CSEG                                00000092    00000B08 =        2824. bytes (REL,CON,CODE)

      Value  Global                              Global Defined In Module
      -----  --------------------------------   ------------------------
C:   000002FE  C$main.c$265$2$45                  main
C:   00000300  A$main$2132                        main
C:   00000300  C$main.c$267$1$43                  main
C:   00000302  A$main$2136                        main
C:   00000302  C$main.c$268$2$45                  main
C:   00000304  A$main$2137                        main
C:   00000306  A$main$2138                        main
C:   00000307  A$main$2139                        main
C:   00000309  A$main$2140                        main
C:   0000030B  A$main$2141                        main
C:   0000030C  A$main$2142                        main
C:   0000030E  A$main$2143                        main
C:   00000310  A$main$2144                        main
C:   00000313  A$main$2145                        main
C:   00000315  A$main$2146                        main
C:   00000317  A$main$2147                        main
C:   00000319  A$main$2148                        main
C:   0000031C  A$main$2149                        main
C:   0000031E  A$main$2150                        main
C:   00000320  A$main$2151                        main
C:   00000322  A$main$2152                        main
C:   00000324  A$main$2153                        main
C:   00000325  A$main$2154                        main
C:   00000327  A$main$2155                        main
C:   00000328  A$main$2156                        main
C:   00000329  A$main$2157                        main
C:   0000032B  A$main$2158                        main
C:   0000032C  A$main$2159                        main
C:   0000032D  A$main$2160                        main
C:   0000032E  A$main$2161                        main
C:   00000330  A$main$2162                        main
C:   00000331  A$main$2163                        main
C:   00000332  A$main$2164                        main
C:   00000334  A$main$2165                        main
C:   00000335  A$main$2166                        main
C:   00000336  A$main$2167                        main
C:   00000337  A$main$2168                        main
C:   00000338  A$main$2169                        main
C:   0000033A  A$main$2170                        main
C:   0000033C  A$main$2171                        main
C:   0000033E  A$main$2172                        main
C:   00000340  A$main$2173                        main
C:   00000342  A$main$2174                        main
C:   00000344  A$main$2175                        main
C:   00000346  A$main$2176                        main
C:   00000348  A$main$2177                        main
C:   0000034B  A$main$2178                        main
C:   0000034D  A$main$2179                        main
C:   0000034F  A$main$2180                        main
C:   00000351  A$main$2183                        main
C:   00000351  C$main.c$267$2$45                  main
ASxxxx Linker V03.00 + NoICE + sdld,  page 42.
Hexadecimal  [32-Bits]

Area                                    Addr        Size        Decimal Bytes (Attributes)
--------------------------------        ----        ----        ------- ----- ------------
CSEG                                00000092    00000B08 =        2824. bytes (REL,CON,CODE)

      Value  Global                              Global Defined In Module
      -----  --------------------------------   ------------------------
C:   00000352  A$main$2184                        main
C:   00000355  A$main$2186                        main
C:   00000357  A$main$2189                        main
C:   00000357  C$main.c$271$1$43                  main
C:   00000359  A$main$2193                        main
C:   00000359  C$main.c$272$2$45                  main
C:   0000035B  A$main$2194                        main
C:   0000035D  A$main$2195                        main
C:   0000035F  A$main$2196                        main
C:   00000362  A$main$2197                        main
C:   00000364  A$main$2198                        main
C:   00000367  A$main$2199                        main
C:   00000369  A$main$2202                        main
C:   00000369  C$main.c$271$2$45                  main
C:   0000036A  A$main$2203                        main
C:   0000036D  A$main$2205                        main
C:   0000036F  A$main$2208                        main
C:   0000036F  C$main.c$274$2$45                  main
C:   00000371  A$main$2212                        main
C:   00000371  C$main.c$276$1$43                  main
C:   00000371  XG$putchar$0$0                     main
C:   00000372  A$main$2225                        main
C:   00000372  C$main.c$278$1$43                  main
C:   00000372  G$esc_DAC0$0$0                     main
C:   00000372  _esc_DAC0                          main
C:   00000374  A$main$2226                        main
C:   00000376  A$main$2227                        main
C:   00000378  A$main$2228                        main
C:   00000379  A$main$2231                        main
C:   00000379  C$main.c$280$1$47                  main
C:   0000037B  A$main$2232                        main
C:   0000037D  A$main$2233                        main
C:   0000037F  A$main$2234                        main
C:   00000381  A$main$2235                        main
C:   00000383  A$main$2236                        main
C:   00000385  A$main$2237                        main
C:   00000387  A$main$2238                        main
C:   00000389  A$main$2239                        main
C:   0000038B  A$main$2240                        main
C:   0000038D  A$main$2241                        main
C:   0000038F  A$main$2242                        main
C:   00000390  A$main$2243                        main
C:   00000393  A$main$2244                        main
C:   00000395  A$main$2245                        main
C:   00000397  A$main$2246                        main
C:   00000399  A$main$2247                        main
C:   0000039A  A$main$2248                        main
C:   0000039C  A$main$2249                        main
C:   0000039E  A$main$2250                        main
C:   000003A0  A$main$2251                        main
C:   000003A2  A$main$2252                        main
ASxxxx Linker V03.00 + NoICE + sdld,  page 43.
Hexadecimal  [32-Bits]

Area                                    Addr        Size        Decimal Bytes (Attributes)
--------------------------------        ----        ----        ------- ----- ------------
CSEG                                00000092    00000B08 =        2824. bytes (REL,CON,CODE)

      Value  Global                              Global Defined In Module
      -----  --------------------------------   ------------------------
C:   000003A4  A$main$2253                        main
C:   000003A6  A$main$2254                        main
C:   000003A8  A$main$2255                        main
C:   000003AB  A$main$2256                        main
C:   000003AE  A$main$2257                        main
C:   000003B0  A$main$2258                        main
C:   000003B3  A$main$2259                        main
C:   000003B5  A$main$2260                        main
C:   000003B7  A$main$2261                        main
C:   000003B9  A$main$2262                        main
C:   000003BA  A$main$2263                        main
C:   000003BC  A$main$2264                        main
C:   000003BE  A$main$2265                        main
C:   000003C0  A$main$2268                        main
C:   000003C0  C$main.c$281$1$47                  main
C:   000003C2  A$main$2269                        main
C:   000003C4  A$main$2270                        main
C:   000003C6  A$main$2271                        main
C:   000003C7  A$main$2272                        main
C:   000003CA  A$main$2273                        main
C:   000003CC  A$main$2274                        main
C:   000003CE  A$main$2275                        main
C:   000003D0  A$main$2278                        main
C:   000003D0  C$main.c$282$1$47                  main
C:   000003D2  A$main$2281                        main
C:   000003D2  C$main.c$283$1$47                  main
C:   000003D2  XG$esc_DAC0$0$0                    main
C:   000003D3  A$main$2292                        main
C:   000003D3  C$main.c$287$1$47                  main
C:   000003D3  G$isr_tc2$0$0                      main
C:   000003D3  _isr_tc2                           main
C:   000003D5  A$main$2293                        main
C:   000003D7  A$main$2294                        main
C:   000003D9  A$main$2295                        main
C:   000003DB  A$main$2298                        main
C:   000003DB  C$main.c$289$1$48                  main
C:   000003DE  A$main$2301                        main
C:   000003DE  C$main.c$290$1$48                  main
C:   000003E0  A$main$2302                        main
C:   000003E2  A$main$2303                        main
C:   000003E4  A$main$2304                        main
C:   000003E6  A$main$2305                        main
C:   000003E8  A$main$2306                        main
C:   000003EA  A$main$2307                        main
C:   000003EB  A$main$2308                        main
C:   000003EC  A$main$2309                        main
C:   000003EE  A$main$2312                        main
C:   000003EE  C$main.c$291$1$48                  main
C:   000003F0  A$main$2313                        main
C:   000003F2  A$main$2314                        main
C:   000003F4  A$main$2315                        main
ASxxxx Linker V03.00 + NoICE + sdld,  page 44.
Hexadecimal  [32-Bits]

Area                                    Addr        Size        Decimal Bytes (Attributes)
--------------------------------        ----        ----        ------- ----- ------------
CSEG                                00000092    00000B08 =        2824. bytes (REL,CON,CODE)

      Value  Global                              Global Defined In Module
      -----  --------------------------------   ------------------------
C:   000003F5  A$main$2316                        main
C:   000003F7  A$main$2317                        main
C:   000003F9  A$main$2320                        main
C:   000003F9  C$main.c$293$1$48                  main
C:   000003FA  A$main$2321                        main
C:   000003FC  A$main$2322                        main
C:   000003FE  A$main$2323                        main
C:   00000400  A$main$2324                        main
C:   00000402  A$main$2325                        main
C:   00000404  A$main$2328                        main
C:   00000404  C$main.c$294$1$48                  main
C:   00000405  A$main$2329                        main
C:   00000407  A$main$2330                        main
C:   00000409  A$main$2334                        main
C:   00000409  C$main.c$296$1$48                  main
C:   0000040B  A$main$2335                        main
C:   0000040D  A$main$2336                        main
C:   0000040F  A$main$2337                        main
C:   00000411  A$main$2338                        main
C:   00000413  A$main$2341                        main
C:   00000413  C$main.c$297$1$48                  main
C:   00000413  XG$isr_tc2$0$0                     main
C:   00000414  A$main$2356                        main
C:   00000414  C$main.c$299$1$48                  main
C:   00000414  C$main.c$301$1$49                  main
C:   00000414  G$main$0$0                         main
C:   00000414  _main                              main
C:   00000417  A$main$2359                        main
C:   00000417  C$main.c$302$1$49                  main
C:   0000041A  A$main$2362                        main
C:   0000041A  C$main.c$304$1$49                  main
C:   0000041D  A$main$2365                        main
C:   0000041D  C$main.c$305$1$49                  main
C:   0000041F  A$main$2366                        main
C:   00000422  A$main$2369                        main
C:   00000422  C$main.c$306$1$49                  main
C:   00000424  A$main$2370                        main
C:   00000427  A$main$2376                        main
C:   00000427  C$main.c$309$1$49                  main
C:   00000427  C$main.c$310$1$49                  main
C:   00000429  A$main$2377                        main
C:   0000042B  A$main$2378                        main
C:   0000042D  A$main$2379                        main
C:   0000042F  A$main$2380                        main
C:   00000431  A$main$2381                        main
C:   00000433  A$main$2382                        main
C:   00000436  A$main$2383                        main
C:   00000438  A$main$2384                        main
C:   0000043A  A$main$2385                        main
C:   0000043C  A$main$2386                        main
C:   0000043E  A$main$2389                        main
ASxxxx Linker V03.00 + NoICE + sdld,  page 45.
Hexadecimal  [32-Bits]

Area                                    Addr        Size        Decimal Bytes (Attributes)
--------------------------------        ----        ----        ------- ----- ------------
CSEG                                00000092    00000B08 =        2824. bytes (REL,CON,CODE)

      Value  Global                              Global Defined In Module
      -----  --------------------------------   ------------------------
C:   0000043E  C$main.c$311$1$49                  main
C:   0000043E  XG$main$0$0                        main
C:   0000043F  _printf_fast_f                     printf_fast_f
C:   000008C0  ___fsmul                           _fsmul
C:   00000963  fsgetargs                          _fsget2args
C:   00000991  fs_rshift_a                        _fsrshift
C:   000009D4  fs_normalize_a                     _fsnormalize
C:   00000A07  __mulint                           _mulint
C:   00000A07  __mulint_dummy                     _mulint
C:   00000A24  ___fs2uint                         _fs2uint
C:   00000A2F  fs_round_and_return                _fsreturnval
C:   00000A47  fs_zerocheck_return                _fsreturnval
C:   00000A50  fs_return_zero                     _fsreturnval
C:   00000A58  fs_direct_return                   _fsreturnval
C:   00000A66  fs_return_inf                      _fsreturnval
C:   00000A73  fs_return_nan                      _fsreturnval
C:   00000A7E  ___fsdiv                           _fsdiv
C:   00000B41  __gptrget                          _gptrget
C:   00000B5D  __sdcc_external_startup            _startup
C:   00000B61  ___fs2ulong                        _fs2ulong
C:   00000B63  fs2ulong_begin                     _fs2ulong
C:   00000B88  fsgetarg                           _fsget1arg
ASxxxx Linker V03.00 + NoICE + sdld,  page 46.
Hexadecimal  [32-Bits]

Area                                    Addr        Size        Decimal Bytes (Attributes)
--------------------------------        ----        ----        ------- ----- ------------
CONST                               00000B9A    000078F0 =       30960. bytes (REL,CON,CODE)

      Value  Global                              Global Defined In Module
      -----  --------------------------------   ------------------------
C:   00000B9A  G$amostras$0$0                     main
C:   00000B9A  _amostras                          main
C:   000080CA  G$fonte$0$0                        main
C:   000080CA  _fonte                             main
C:   000082AA  Fmain$__str_0$0$0                  main

ASxxxx Linker V03.00 + NoICE + sdld,  page 47.

Files Linked                              [ module(s) ]

Z:\MICAP\DAC_Som\main.rel                 [  ]


Libraries Linked                          [ object file ]

C:\Program Files\SDCC\bin\..\lib\small/libsdcc.lib
                                          [ printf_fast_f.rel ]
C:\Program Files\SDCC\bin\..\lib\small/libfloat.lib
                                          [ _fsmul.rel ]
C:\Program Files\SDCC\bin\..\lib\small/libfloat.lib
                                          [ _fsget2args.rel ]
C:\Program Files\SDCC\bin\..\lib\small/mcs51.lib
                                          [ crtclear.rel ]
C:\Program Files\SDCC\bin\..\lib\small/libfloat.lib
                                          [ _fsrshift.rel ]
C:\Program Files\SDCC\bin\..\lib\small/libfloat.lib
                                          [ _fsnormalize.rel ]
C:\Program Files\SDCC\bin\..\lib\small/mcs51.lib
                                          [ crtxinit.rel ]
C:\Program Files\SDCC\bin\..\lib\small/libint.lib
                                          [ _mulint.rel ]
C:\Program Files\SDCC\bin\..\lib\small/mcs51.lib
                                          [ crtxclear.rel ]
C:\Program Files\SDCC\bin\..\lib\small/libfloat.lib
                                          [ _fs2uint.rel ]
C:\Program Files\SDCC\bin\..\lib\small/libfloat.lib
                                          [ _fsreturnval.rel ]
C:\Program Files\SDCC\bin\..\lib\small/libsdcc.lib
                                          [ _bp.rel ]
C:\Program Files\SDCC\bin\..\lib\small/libfloat.lib
                                          [ _fsdiv.rel ]
C:\Program Files\SDCC\bin\..\lib\small/mcs51.lib
                                          [ crtstart.rel ]
C:\Program Files\SDCC\bin\..\lib\small/libsdcc.lib
                                          [ _gptrget.rel ]
C:\Program Files\SDCC\bin\..\lib\small/libsdcc.lib
                                          [ _startup.rel ]
C:\Program Files\SDCC\bin\..\lib\small/libfloat.lib
                                          [ _fs2ulong.rel ]
C:\Program Files\SDCC\bin\..\lib\small/libfloat.lib
                                          [ _fsget1arg.rel ]

ASxxxx Linker V03.00 + NoICE + sdld,  page 48.

User Base Address Definitions

HOME = 0x0000
XSEG = 0x0001
PSEG = 0x0001
ISEG = 0x0000
BSEG = 0x0000

